../Core/Src/w25qxx.c:21:9:W25qxx_Spi	32	static
../Core/Src/w25qxx.c:28:10:W25qxx_ReadID	24	static
../Core/Src/w25qxx.c:41:6:W25qxx_ReadUniqID	24	static
../Core/Src/w25qxx.c:52:6:W25qxx_WriteEnable	8	static
../Core/Src/w25qxx.c:60:6:W25qxx_WriteDisable	8	static
../Core/Src/w25qxx.c:68:9:W25qxx_ReadStatusRegister	24	static
../Core/Src/w25qxx.c:94:6:W25qxx_WriteStatusRegister	16	static
../Core/Src/w25qxx.c:116:6:W25qxx_WaitForWriteEnd	8	static
../Core/Src/w25qxx.c:129:6:W25qxx_Init	16	static
../Core/Src/w25qxx.c:248:6:W25qxx_EraseChip	8	static
../Core/Src/w25qxx.c:269:6:W25qxx_EraseSector	16	static
../Core/Src/w25qxx.c:303:6:W25qxx_EraseBlock	16	static
../Core/Src/w25qxx.c:339:10:W25qxx_PageToSector	16	static
../Core/Src/w25qxx.c:344:10:W25qxx_PageToBlock	16	static
../Core/Src/w25qxx.c:349:10:W25qxx_SectorToBlock	16	static
../Core/Src/w25qxx.c:354:10:W25qxx_SectorToPage	16	static
../Core/Src/w25qxx.c:359:10:W25qxx_BlockToPage	16	static
../Core/Src/w25qxx.c:364:6:W25qxx_IsEmptyPage	72	static
../Core/Src/w25qxx.c:446:6:W25qxx_IsEmptySector	72	static
../Core/Src/w25qxx.c:527:6:W25qxx_IsEmptyBlock	72	static
../Core/Src/w25qxx.c:610:6:W25qxx_WriteByte	16	static
../Core/Src/w25qxx.c:644:6:W25qxx_WritePage	24	static
../Core/Src/w25qxx.c:696:6:W25qxx_WriteSector	40	static
../Core/Src/w25qxx.c:735:6:W25qxx_WriteBlock	40	static
../Core/Src/w25qxx.c:774:6:W25qxx_ReadByte	16	static
../Core/Src/w25qxx.c:806:6:W25qxx_ReadBytes	24	static
../Core/Src/w25qxx.c:851:6:W25qxx_ReadPage	24	static
../Core/Src/w25qxx.c:901:6:W25qxx_ReadSector	40	static
../Core/Src/w25qxx.c:940:6:W25qxx_ReadBlock	40	static
../Core/Src/w25qxx.c:979:6:W25qxx_Write	48	dynamic
../Core/Src/w25qxx.c:1005:6:W25qxx_Read	1056	static
