arm-none-eabi-gcc "../Core/Src/main.c" -mcpu=cortex-m3 -std=gnu11 -g3 -DDEBUG -DUSE_HAL_DRIVER -DSTM32F105xC -c -I../Core/Inc -I../Drivers/STM32F1xx_HAL_Driver/Inc/Legacy -I../Drivers/STM32F1xx_HAL_Driver/Inc -I../Drivers/CMSIS/Device/ST/STM32F1xx/Include -I../Drivers/CMSIS/Include -O0 -ffunction-sections -fdata-sections -Wall -fstack-usage -MMD -MP -MF"Core/Src/main.d" -MT"Core/Src/main.o" --specs=nano.specs -mfloat-abi=soft -mthumb -o "Core/Src/main.o"
../Core/Src/main.c: In function 'main':
../Core/Src/main.c:106:13: error: 'flashSpi_t' has no member named 'dataSize'; did you mean 'totaldataSize'?
  106 |   spistruct.dataSize = 4920;
      |             ^~~~~~~~
      |             totaldataSize
../Core/Src/main.c:108:12: error: 'flashSpi_t' has no member named 'readOffset'
  108 |   spistruct.readOffset = 0;
      |            ^
../Core/Src/main.c:109:12: error: 'flashSpi_t' has no member named 'writeOffset'
  109 |   spistruct.writeOffset = 0;
      |            ^
make: *** [Core/Src/subdir.mk:37: Core/Src/main.o] Error 1
"make -j8 all" terminated with exit code 2. Build might be incomplete.

13:11:03 Build Failed. 4 errors, 0 warnings. (took 224ms)

13:11:03 **** Incremental Build of configuration Debug for project stm32f105SpiFlash ****
make -j8 all 
arm-none-eabi-gcc "../Core/Src/main.c" -mcpu=cortex-m3 -std=gnu11 -g3 -DDEBUG -DUSE_HAL_DRIVER -DSTM32F105xC -c -I../Core/Inc -I../Drivers/STM32F1xx_HAL_Driver/Inc/Legacy -I../Drivers/STM32F1xx_HAL_Driver/Inc -I../Drivers/CMSIS/Device/ST/STM32F1xx/Include -I../Drivers/CMSIS/Include -O0 -ffunction-sections -fdata-sections -Wall -fstack-usage -MMD -MP -MF"Core/Src/main.d" -MT"Core/Src/main.o" --specs=nano.specs -mfloat-abi=soft -mthumb -o "Core/Src/main.o"
../Core/Src/main.c: In function 'main':
../Core/Src/main.c:106:13: error: 'flashSpi_t' has no member named 'dataSize'; did you mean 'totaldataSize'?
  106 |   spistruct.dataSize = 4920;
      |             ^~~~~~~~
      |             totaldataSize
../Core/Src/main.c:108:12: error: 'flashSpi_t' has no member named 'readOffset'
  108 |   spistruct.readOffset = 0;
      |            ^
../Core/Src/main.c:109:12: error: 'flashSpi_t' has no member named 'writeOffset'
  109 |   spistruct.writeOffset = 0;
      |            ^
make: *** [Core/Src/subdir.mk:37: Core/Src/main.o] Error 1
"make -j8 all" terminated with exit code 2. Build might be incomplete.
13:12:20 **** Incremental Build of configuration Debug for project stm32f105SpiFlash ****
make -j8 all 
arm-none-eabi-gcc "../Core/Src/main.c" -mcpu=cortex-m3 -std=gnu11 -g3 -DDEBUG -DUSE_HAL_DRIVER -DSTM32F105xC -c -I../Core/Inc -I../Drivers/STM32F1xx_HAL_Driver/Inc/Legacy -I../Drivers/STM32F1xx_HAL_Driver/Inc -I../Drivers/CMSIS/Device/ST/STM32F1xx/Include -I../Drivers/CMSIS/Include -O0 -ffunction-sections -fdata-sections -Wall -fstack-usage -MMD -MP -MF"Core/Src/main.d" -MT"Core/Src/main.o" --specs=nano.specs -mfloat-abi=soft -mthumb -o "Core/Src/main.o"
../Core/Src/main.c: In function 'main':
../Core/Src/main.c:106:13: error: 'flashSpi_t' has no member named 'dataSize'; did you mean 'totaldataSize'?
  106 |   spistruct.dataSize = 4920;
      |             ^~~~~~~~
      |             totaldataSize
../Core/Src/main.c:108:12: error: 'flashSpi_t' has no member named 'readOffset'
  108 |   spistruct.readOffset = 0;
      |            ^
../Core/Src/main.c:109:12: error: 'flashSpi_t' has no member named 'writeOffset'
  109 |   spistruct.writeOffset = 0;
      |            ^
make: *** [Core/Src/subdir.mk:37: Core/Src/main.o] Error 1
"make -j8 all" terminated with exit code 2. Build might be incomplete.
13:12:49 **** Incremental Build of configuration Debug for project stm32f105SpiFlash ****
make -j8 all 
arm-none-eabi-gcc "../Core/Src/main.c" -mcpu=cortex-m3 -std=gnu11 -g3 -DDEBUG -DUSE_HAL_DRIVER -DSTM32F105xC -c -I../Core/Inc -I../Drivers/STM32F1xx_HAL_Driver/Inc/Legacy -I../Drivers/STM32F1xx_HAL_Driver/Inc -I../Drivers/CMSIS/Device/ST/STM32F1xx/Include -I../Drivers/CMSIS/Include -O0 -ffunction-sections -fdata-sections -Wall -fstack-usage -MMD -MP -MF"Core/Src/main.d" -MT"Core/Src/main.o" --specs=nano.specs -mfloat-abi=soft -mthumb -o "Core/Src/main.o"
../Core/Src/main.c: In function 'main':
../Core/Src/main.c:108:12: error: 'flashSpi_t' has no member named 'readOffset'
  108 |   spistruct.readOffset = 0;
      |            ^
../Core/Src/main.c:109:12: error: 'flashSpi_t' has no member named 'writeOffset'
  109 |   spistruct.writeOffset = 0;
      |            ^
make: *** [Core/Src/subdir.mk:37: Core/Src/main.o] Error 1
"make -j8 all" terminated with exit code 2. Build might be incomplete.
13:12:54 **** Incremental Build of configuration Debug for project stm32f105SpiFlash ****
make -j8 all 
arm-none-eabi-gcc "../Core/Src/main.c" -mcpu=cortex-m3 -std=gnu11 -g3 -DDEBUG -DUSE_HAL_DRIVER -DSTM32F105xC -c -I../Core/Inc -I../Drivers/STM32F1xx_HAL_Driver/Inc/Legacy -I../Drivers/STM32F1xx_HAL_Driver/Inc -I../Drivers/CMSIS/Device/ST/STM32F1xx/Include -I../Drivers/CMSIS/Include -O0 -ffunction-sections -fdata-sections -Wall -fstack-usage -MMD -MP -MF"Core/Src/main.d" -MT"Core/Src/main.o" --specs=nano.specs -mfloat-abi=soft -mthumb -o "Core/Src/main.o"
arm-none-eabi-gcc -o "stm32f105SpiFlash.elf" @"objects.list"   -mcpu=cortex-m3 -T"/home/yakup/ProjectWorkspace/th-x-spiFlash/stm32f105SpiFlash/STM32F105VCTX_FLASH.ld" --specs=nosys.specs -Wl,-Map="stm32f105SpiFlash.map" -Wl,--gc-sections -static --specs=nano.specs -mfloat-abi=soft -mthumb -Wl,--start-group -lc -lm -Wl,--end-group
Finished building target: stm32f105SpiFlash.elf
 
arm-none-eabi-size   stm32f105SpiFlash.elf 
arm-none-eabi-objdump -h -S  stm32f105SpiFlash.elf  > "stm32f105SpiFlash.list"
   text	   data	    bss	    dec	    hex	filename
   9152	     20	   1716	  10888	   2a88	stm32f105SpiFlash.elf
Finished building: default.size.stdout
 
Finished building: stm32f105SpiFlash.list
 
13:14:43 **** Incremental Build of configuration Debug for project stm32f105SpiFlash ****
make -j8 all 
arm-none-eabi-gcc "../Core/Src/main.c" -mcpu=cortex-m3 -std=gnu11 -g3 -DDEBUG -DUSE_HAL_DRIVER -DSTM32F105xC -c -I../Core/Inc -I../Drivers/STM32F1xx_HAL_Driver/Inc/Legacy -I../Drivers/STM32F1xx_HAL_Driver/Inc -I../Drivers/CMSIS/Device/ST/STM32F1xx/Include -I../Drivers/CMSIS/Include -O0 -ffunction-sections -fdata-sections -Wall -fstack-usage -MMD -MP -MF"Core/Src/main.d" -MT"Core/Src/main.o" --specs=nano.specs -mfloat-abi=soft -mthumb -o "Core/Src/main.o"
arm-none-eabi-gcc -o "stm32f105SpiFlash.elf" @"objects.list"   -mcpu=cortex-m3 -T"/home/yakup/ProjectWorkspace/th-x-spiFlash/stm32f105SpiFlash/STM32F105VCTX_FLASH.ld" --specs=nosys.specs -Wl,-Map="stm32f105SpiFlash.map" -Wl,--gc-sections -static --specs=nano.specs -mfloat-abi=soft -mthumb -Wl,--start-group -lc -lm -Wl,--end-group
Finished building target: stm32f105SpiFlash.elf
 
arm-none-eabi-size   stm32f105SpiFlash.elf 
arm-none-eabi-objdump -h -S  stm32f105SpiFlash.elf  > "stm32f105SpiFlash.list"
   text	   data	    bss	    dec	    hex	filename
   9144	     20	   1716	  10880	   2a80	stm32f105SpiFlash.elf
Finished building: default.size.stdout
 
Finished building: stm32f105SpiFlash.list
 
13:25:43 **** Incremental Build of configuration Debug for project stm32f105SpiFlash ****
make -j8 all 
arm-none-eabi-gcc "../Core/Src/main.c" -mcpu=cortex-m3 -std=gnu11 -g3 -DDEBUG -DUSE_HAL_DRIVER -DSTM32F105xC -c -I../Core/Inc -I../Drivers/STM32F1xx_HAL_Driver/Inc/Legacy -I../Drivers/STM32F1xx_HAL_Driver/Inc -I../Drivers/CMSIS/Device/ST/STM32F1xx/Include -I../Drivers/CMSIS/Include -O0 -ffunction-sections -fdata-sections -Wall -fstack-usage -MMD -MP -MF"Core/Src/main.d" -MT"Core/Src/main.o" --specs=nano.specs -mfloat-abi=soft -mthumb -o "Core/Src/main.o"
../Core/Src/main.c: In function 'main':
../Core/Src/main.c:112:3: error: 'buffercount' undeclared (first use in this function)
  112 |   buffercount = 0;
      |   ^~~~~~~~~~~
../Core/Src/main.c:112:3: note: each undeclared identifier is reported only once for each function it appears in
../Core/Src/main.c:115:20: error: 'flashSpi_t' has no member named 'writtenDataByte'; did you mean 'writtenData'?
  115 |   while (spistruct.writtenDataByte < spistruct.dataCount){
      |                    ^~~~~~~~~~~~~~~
      |                    writtenData
../Core/Src/main.c:116:39: error: 'flashSpi_t' has no member named 'buffercount'; did you mean 'bufferCount'?
  116 |    W25qxx_WriteByte(buffer1[spistruct.buffercount],spistruct.writtenData);
      |                                       ^~~~~~~~~~~
      |                                       bufferCount
make: *** [Core/Src/subdir.mk:37: Core/Src/main.o] Error 1
"make -j8 all" terminated with exit code 2. Build might be incomplete.
13:25:58 **** Incremental Build of configuration Debug for project stm32f105SpiFlash ****
make -j8 all 
arm-none-eabi-gcc "../Core/Src/main.c" -mcpu=cortex-m3 -std=gnu11 -g3 -DDEBUG -DUSE_HAL_DRIVER -DSTM32F105xC -c -I../Core/Inc -I../Drivers/STM32F1xx_HAL_Driver/Inc/Legacy -I../Drivers/STM32F1xx_HAL_Driver/Inc -I../Drivers/CMSIS/Device/ST/STM32F1xx/Include -I../Drivers/CMSIS/Include -O0 -ffunction-sections -fdata-sections -Wall -fstack-usage -MMD -MP -MF"Core/Src/main.d" -MT"Core/Src/main.o" --specs=nano.specs -mfloat-abi=soft -mthumb -o "Core/Src/main.o"
../Core/Src/main.c: In function 'main':
../Core/Src/main.c:112:3: error: 'buffercount' undeclared (first use in this function)
  112 |   buffercount = 0;
      |   ^~~~~~~~~~~
../Core/Src/main.c:112:3: note: each undeclared identifier is reported only once for each function it appears in
../Core/Src/main.c:116:39: error: 'flashSpi_t' has no member named 'buffercount'; did you mean 'bufferCount'?
  116 |    W25qxx_WriteByte(buffer1[spistruct.buffercount],spistruct.writtenData);
      |                                       ^~~~~~~~~~~
      |                                       bufferCount
../Core/Src/main.c:116:62: error: 'flashSpi_t' has no member named 'writtenData'; did you mean 'writtenDataByte'?
  116 |    W25qxx_WriteByte(buffer1[spistruct.buffercount],spistruct.writtenData);
      |                                                              ^~~~~~~~~~~
      |                                                              writtenDataByte
../Core/Src/main.c:117:14: error: 'flashSpi_t' has no member named 'writtenData'; did you mean 'writtenDataByte'?
  117 |    spistruct.writtenData++;
      |              ^~~~~~~~~~~
      |              writtenDataByte
make: *** [Core/Src/subdir.mk:37: Core/Src/main.o] Error 1
"make -j8 all" terminated with exit code 2. Build might be incomplete.
13:26:15 **** Incremental Build of configuration Debug for project stm32f105SpiFlash ****
make -j8 all 
arm-none-eabi-gcc "../Core/Src/main.c" -mcpu=cortex-m3 -std=gnu11 -g3 -DDEBUG -DUSE_HAL_DRIVER -DSTM32F105xC -c -I../Core/Inc -I../Drivers/STM32F1xx_HAL_Driver/Inc/Legacy -I../Drivers/STM32F1xx_HAL_Driver/Inc -I../Drivers/CMSIS/Device/ST/STM32F1xx/Include -I../Drivers/CMSIS/Include -O0 -ffunction-sections -fdata-sections -Wall -fstack-usage -MMD -MP -MF"Core/Src/main.d" -MT"Core/Src/main.o" --specs=nano.specs -mfloat-abi=soft -mthumb -o "Core/Src/main.o"
../Core/Src/main.c: In function 'main':
../Core/Src/main.c:112:13: error: 'flashSpi_t' has no member named 'buffercount'; did you mean 'bufferCount'?
  112 |   spistruct.buffercount = 0;
      |             ^~~~~~~~~~~
      |             bufferCount
../Core/Src/main.c:116:39: error: 'flashSpi_t' has no member named 'buffercount'; did you mean 'bufferCount'?
  116 |    W25qxx_WriteByte(buffer1[spistruct.buffercount],spistruct.writtenData);
      |                                       ^~~~~~~~~~~
      |                                       bufferCount
../Core/Src/main.c:116:62: error: 'flashSpi_t' has no member named 'writtenData'; did you mean 'writtenDataByte'?
  116 |    W25qxx_WriteByte(buffer1[spistruct.buffercount],spistruct.writtenData);
      |                                                              ^~~~~~~~~~~
      |                                                              writtenDataByte
../Core/Src/main.c:117:14: error: 'flashSpi_t' has no member named 'writtenData'; did you mean 'writtenDataByte'?
  117 |    spistruct.writtenData++;
      |              ^~~~~~~~~~~
      |              writtenDataByte
make: *** [Core/Src/subdir.mk:37: Core/Src/main.o] Error 1
"make -j8 all" terminated with exit code 2. Build might be incomplete.
13:26:35 **** Incremental Build of configuration Debug for project stm32f105SpiFlash ****
make -j8 all 
arm-none-eabi-gcc "../Core/Src/main.c" -mcpu=cortex-m3 -std=gnu11 -g3 -DDEBUG -DUSE_HAL_DRIVER -DSTM32F105xC -c -I../Core/Inc -I../Drivers/STM32F1xx_HAL_Driver/Inc/Legacy -I../Drivers/STM32F1xx_HAL_Driver/Inc -I../Drivers/CMSIS/Device/ST/STM32F1xx/Include -I../Drivers/CMSIS/Include -O0 -ffunction-sections -fdata-sections -Wall -fstack-usage -MMD -MP -MF"Core/Src/main.d" -MT"Core/Src/main.o" --specs=nano.specs -mfloat-abi=soft -mthumb -o "Core/Src/main.o"
../Core/Src/main.c: In function 'main':
../Core/Src/main.c:116:39: error: 'flashSpi_t' has no member named 'buffercount'; did you mean 'bufferCount'?
  116 |    W25qxx_WriteByte(buffer1[spistruct.buffercount],spistruct.writtenData);
      |                                       ^~~~~~~~~~~
      |                                       bufferCount
../Core/Src/main.c:116:62: error: 'flashSpi_t' has no member named 'writtenData'; did you mean 'writtenDataByte'?
  116 |    W25qxx_WriteByte(buffer1[spistruct.buffercount],spistruct.writtenData);
      |                                                              ^~~~~~~~~~~
      |                                                              writtenDataByte
../Core/Src/main.c:117:14: error: 'flashSpi_t' has no member named 'writtenData'; did you mean 'writtenDataByte'?
  117 |    spistruct.writtenData++;
      |              ^~~~~~~~~~~
      |              writtenDataByte
make: *** [Core/Src/subdir.mk:37: Core/Src/main.o] Error 1
"make -j8 all" terminated with exit code 2. Build might be incomplete.
13:26:46 **** Incremental Build of configuration Debug for project stm32f105SpiFlash ****
make -j8 all 
arm-none-eabi-gcc "../Core/Src/main.c" -mcpu=cortex-m3 -std=gnu11 -g3 -DDEBUG -DUSE_HAL_DRIVER -DSTM32F105xC -c -I../Core/Inc -I../Drivers/STM32F1xx_HAL_Driver/Inc/Legacy -I../Drivers/STM32F1xx_HAL_Driver/Inc -I../Drivers/CMSIS/Device/ST/STM32F1xx/Include -I../Drivers/CMSIS/Include -O0 -ffunction-sections -fdata-sections -Wall -fstack-usage -MMD -MP -MF"Core/Src/main.d" -MT"Core/Src/main.o" --specs=nano.specs -mfloat-abi=soft -mthumb -o "Core/Src/main.o"
../Core/Src/main.c: In function 'main':
../Core/Src/main.c:116:62: error: 'flashSpi_t' has no member named 'writtenData'; did you mean 'writtenDataByte'?
  116 |    W25qxx_WriteByte(buffer1[spistruct.bufferCount],spistruct.writtenData);
      |                                                              ^~~~~~~~~~~
      |                                                              writtenDataByte
make: *** [Core/Src/subdir.mk:37: Core/Src/main.o] Error 1
"make -j8 all" terminated with exit code 2. Build might be incomplete.
13:26:50 **** Incremental Build of configuration Debug for project stm32f105SpiFlash ****
make -j8 all 
arm-none-eabi-gcc "../Core/Src/main.c" -mcpu=cortex-m3 -std=gnu11 -g3 -DDEBUG -DUSE_HAL_DRIVER -DSTM32F105xC -c -I../Core/Inc -I../Drivers/STM32F1xx_HAL_Driver/Inc/Legacy -I../Drivers/STM32F1xx_HAL_Driver/Inc -I../Drivers/CMSIS/Device/ST/STM32F1xx/Include -I../Drivers/CMSIS/Include -O0 -ffunction-sections -fdata-sections -Wall -fstack-usage -MMD -MP -MF"Core/Src/main.d" -MT"Core/Src/main.o" --specs=nano.specs -mfloat-abi=soft -mthumb -o "Core/Src/main.o"
arm-none-eabi-gcc -o "stm32f105SpiFlash.elf" @"objects.list"   -mcpu=cortex-m3 -T"/home/yakup/ProjectWorkspace/th-x-spiFlash/stm32f105SpiFlash/STM32F105VCTX_FLASH.ld" --specs=nosys.specs -Wl,-Map="stm32f105SpiFlash.map" -Wl,--gc-sections -static --specs=nano.specs -mfloat-abi=soft -mthumb -Wl,--start-group -lc -lm -Wl,--end-group
Finished building target: stm32f105SpiFlash.elf
 
arm-none-eabi-size   stm32f105SpiFlash.elf 
arm-none-eabi-objdump -h -S  stm32f105SpiFlash.elf  > "stm32f105SpiFlash.list"
   text	   data	    bss	    dec	    hex	filename
   9552	   4940	   1724	  16216	   3f58	stm32f105SpiFlash.elf
Finished building: default.size.stdout
 
Finished building: stm32f105SpiFlash.list
 
13:26:57 **** Incremental Build of configuration Debug for project stm32f105SpiFlash ****
make -j8 all 
arm-none-eabi-size   stm32f105SpiFlash.elf 
   text	   data	    bss	    dec	    hex	filename
   9552	   4940	   1724	  16216	   3f58	stm32f105SpiFlash.elf
Finished building: default.size.stdout
 
13:27:21 **** Incremental Build of configuration Debug for project stm32f105SpiFlash ****
make -j8 all 
arm-none-eabi-size   stm32f105SpiFlash.elf 
   text	   data	    bss	    dec	    hex	filename
   9552	   4940	   1724	  16216	   3f58	stm32f105SpiFlash.elf
Finished building: default.size.stdout
 
13:33:19 **** Incremental Build of configuration Debug for project stm32f105SpiFlash ****
make -j8 all 
arm-none-eabi-gcc "../Core/Src/main.c" -mcpu=cortex-m3 -std=gnu11 -g3 -DDEBUG -DUSE_HAL_DRIVER -DSTM32F105xC -c -I../Core/Inc -I../Drivers/STM32F1xx_HAL_Driver/Inc/Legacy -I../Drivers/STM32F1xx_HAL_Driver/Inc -I../Drivers/CMSIS/Device/ST/STM32F1xx/Include -I../Drivers/CMSIS/Include -O0 -ffunction-sections -fdata-sections -Wall -fstack-usage -MMD -MP -MF"Core/Src/main.d" -MT"Core/Src/main.o" --specs=nano.specs -mfloat-abi=soft -mthumb -o "Core/Src/main.o"
arm-none-eabi-gcc -o "stm32f105SpiFlash.elf" @"objects.list"   -mcpu=cortex-m3 -T"/home/yakup/ProjectWorkspace/th-x-spiFlash/stm32f105SpiFlash/STM32F105VCTX_FLASH.ld" --specs=nosys.specs -Wl,-Map="stm32f105SpiFlash.map" -Wl,--gc-sections -static --specs=nano.specs -mfloat-abi=soft -mthumb -Wl,--start-group -lc -lm -Wl,--end-group
Finished building target: stm32f105SpiFlash.elf
 
arm-none-eabi-size   stm32f105SpiFlash.elf 
arm-none-eabi-objdump -h -S  stm32f105SpiFlash.elf  > "stm32f105SpiFlash.list"
   text	   data	    bss	    dec	    hex	filename
   9552	   4940	   1724	  16216	   3f58	stm32f105SpiFlash.elf
Finished building: default.size.stdout
 
Finished building: stm32f105SpiFlash.list
 
13:33:23 **** Incremental Build of configuration Debug for project stm32f105SpiFlash ****
make -j8 all 
arm-none-eabi-size   stm32f105SpiFlash.elf 
   text	   data	    bss	    dec	    hex	filename
   9552	   4940	   1724	  16216	   3f58	stm32f105SpiFlash.elf
Finished building: default.size.stdout
 
14:32:30 **** Incremental Build of configuration Debug for project stm32f105SpiFlash ****
make -j8 all 
arm-none-eabi-gcc "../Core/Src/main.c" -mcpu=cortex-m3 -std=gnu11 -g3 -DDEBUG -DUSE_HAL_DRIVER -DSTM32F105xC -c -I../Core/Inc -I../Drivers/STM32F1xx_HAL_Driver/Inc/Legacy -I../Drivers/STM32F1xx_HAL_Driver/Inc -I../Drivers/CMSIS/Device/ST/STM32F1xx/Include -I../Drivers/CMSIS/Include -O0 -ffunction-sections -fdata-sections -Wall -fstack-usage -MMD -MP -MF"Core/Src/main.d" -MT"Core/Src/main.o" --specs=nano.specs -mfloat-abi=soft -mthumb -o "Core/Src/main.o"
../Core/Src/main.c:56:22: error: expected ':', ',', ';', '}' or '__attribute__' before '=' token
   56 |  uint32_t sectorSize = 4096;
      |                      ^
make: *** [Core/Src/subdir.mk:37: Core/Src/main.o] Error 1
"make -j8 all" terminated with exit code 2. Build might be incomplete.
14:32:47 **** Incremental Build of configuration Debug for project stm32f105SpiFlash ****
make -j8 all 
arm-none-eabi-gcc "../Core/Src/main.c" -mcpu=cortex-m3 -std=gnu11 -g3 -DDEBUG -DUSE_HAL_DRIVER -DSTM32F105xC -c -I../Core/Inc -I../Drivers/STM32F1xx_HAL_Driver/Inc/Legacy -I../Drivers/STM32F1xx_HAL_Driver/Inc -I../Drivers/CMSIS/Device/ST/STM32F1xx/Include -I../Drivers/CMSIS/Include -O0 -ffunction-sections -fdata-sections -Wall -fstack-usage -MMD -MP -MF"Core/Src/main.d" -MT"Core/Src/main.o" --specs=nano.specs -mfloat-abi=soft -mthumb -o "Core/Src/main.o"
arm-none-eabi-gcc -o "stm32f105SpiFlash.elf" @"objects.list"   -mcpu=cortex-m3 -T"/home/yakup/ProjectWorkspace/th-x-spiFlash/stm32f105SpiFlash/STM32F105VCTX_FLASH.ld" --specs=nosys.specs -Wl,-Map="stm32f105SpiFlash.map" -Wl,--gc-sections -static --specs=nano.specs -mfloat-abi=soft -mthumb -Wl,--start-group -lc -lm -Wl,--end-group
Finished building target: stm32f105SpiFlash.elf
 
arm-none-eabi-size   stm32f105SpiFlash.elf 
arm-none-eabi-objdump -h -S  stm32f105SpiFlash.elf  > "stm32f105SpiFlash.list"
   text	   data	    bss	    dec	    hex	filename
  10344	     20	   6620	  16984	   4258	stm32f105SpiFlash.elf
Finished building: default.size.stdout
 
Finished building: stm32f105SpiFlash.list
 
14:32:51 **** Incremental Build of configuration Debug for project stm32f105SpiFlash ****
make -j8 all 
arm-none-eabi-size   stm32f105SpiFlash.elf 
   text	   data	    bss	    dec	    hex	filename
  10344	     20	   6620	  16984	   4258	stm32f105SpiFlash.elf
Finished building: default.size.stdout
 
14:33:20 **** Incremental Build of configuration Debug for project stm32f105SpiFlash ****
make -j8 all 
arm-none-eabi-gcc "../Core/Src/main.c" -mcpu=cortex-m3 -std=gnu11 -g3 -DDEBUG -DUSE_HAL_DRIVER -DSTM32F105xC -c -I../Core/Inc -I../Drivers/STM32F1xx_HAL_Driver/Inc/Legacy -I../Drivers/STM32F1xx_HAL_Driver/Inc -I../Drivers/CMSIS/Device/ST/STM32F1xx/Include -I../Drivers/CMSIS/Include -O0 -ffunction-sections -fdata-sections -Wall -fstack-usage -MMD -MP -MF"Core/Src/main.d" -MT"Core/Src/main.o" --specs=nano.specs -mfloat-abi=soft -mthumb -o "Core/Src/main.o"
arm-none-eabi-gcc -o "stm32f105SpiFlash.elf" @"objects.list"   -mcpu=cortex-m3 -T"/home/yakup/ProjectWorkspace/th-x-spiFlash/stm32f105SpiFlash/STM32F105VCTX_FLASH.ld" --specs=nosys.specs -Wl,-Map="stm32f105SpiFlash.map" -Wl,--gc-sections -static --specs=nano.specs -mfloat-abi=soft -mthumb -Wl,--start-group -lc -lm -Wl,--end-group
Finished building target: stm32f105SpiFlash.elf
 
arm-none-eabi-size   stm32f105SpiFlash.elf 
arm-none-eabi-objdump -h -S  stm32f105SpiFlash.elf  > "stm32f105SpiFlash.list"
   text	   data	    bss	    dec	    hex	filename
  10344	    520	   1696	  12560	   3110	stm32f105SpiFlash.elf
Finished building: default.size.stdout
 
Finished building: stm32f105SpiFlash.list
 
14:39:05 **** Incremental Build of configuration Debug for project stm32f105SpiFlash ****
make -j8 all 
arm-none-eabi-gcc "../Core/Src/main.c" -mcpu=cortex-m3 -std=gnu11 -g3 -DDEBUG -DUSE_HAL_DRIVER -DSTM32F105xC -c -I../Core/Inc -I../Drivers/STM32F1xx_HAL_Driver/Inc/Legacy -I../Drivers/STM32F1xx_HAL_Driver/Inc -I../Drivers/CMSIS/Device/ST/STM32F1xx/Include -I../Drivers/CMSIS/Include -O0 -ffunction-sections -fdata-sections -Wall -fstack-usage -MMD -MP -MF"Core/Src/main.d" -MT"Core/Src/main.o" --specs=nano.specs -mfloat-abi=soft -mthumb -o "Core/Src/main.o"
arm-none-eabi-gcc -o "stm32f105SpiFlash.elf" @"objects.list"   -mcpu=cortex-m3 -T"/home/yakup/ProjectWorkspace/th-x-spiFlash/stm32f105SpiFlash/STM32F105VCTX_FLASH.ld" --specs=nosys.specs -Wl,-Map="stm32f105SpiFlash.map" -Wl,--gc-sections -static --specs=nano.specs -mfloat-abi=soft -mthumb -Wl,--start-group -lc -lm -Wl,--end-group
Finished building target: stm32f105SpiFlash.elf
 
arm-none-eabi-size   stm32f105SpiFlash.elf 
arm-none-eabi-objdump -h -S  stm32f105SpiFlash.elf  > "stm32f105SpiFlash.list"
   text	   data	    bss	    dec	    hex	filename
  11492	    520	   6640	  18652	   48dc	stm32f105SpiFlash.elf
Finished building: default.size.stdout
 
Finished building: stm32f105SpiFlash.list
 
14:39:47 **** Incremental Build of configuration Debug for project stm32f105SpiFlash ****
make -j8 all 
arm-none-eabi-gcc "../Core/Src/main.c" -mcpu=cortex-m3 -std=gnu11 -g3 -DDEBUG -DUSE_HAL_DRIVER -DSTM32F105xC -c -I../Core/Inc -I../Drivers/STM32F1xx_HAL_Driver/Inc/Legacy -I../Drivers/STM32F1xx_HAL_Driver/Inc -I../Drivers/CMSIS/Device/ST/STM32F1xx/Include -I../Drivers/CMSIS/Include -O0 -ffunction-sections -fdata-sections -Wall -fstack-usage -MMD -MP -MF"Core/Src/main.d" -MT"Core/Src/main.o" --specs=nano.specs -mfloat-abi=soft -mthumb -o "Core/Src/main.o"
arm-none-eabi-gcc -o "stm32f105SpiFlash.elf" @"objects.list"   -mcpu=cortex-m3 -T"/home/yakup/ProjectWorkspace/th-x-spiFlash/stm32f105SpiFlash/STM32F105VCTX_FLASH.ld" --specs=nosys.specs -Wl,-Map="stm32f105SpiFlash.map" -Wl,--gc-sections -static --specs=nano.specs -mfloat-abi=soft -mthumb -Wl,--start-group -lc -lm -Wl,--end-group
Finished building target: stm32f105SpiFlash.elf
 
arm-none-eabi-size   stm32f105SpiFlash.elf 
arm-none-eabi-objdump -h -S  stm32f105SpiFlash.elf  > "stm32f105SpiFlash.list"
   text	   data	    bss	    dec	    hex	filename
  11508	    520	   6640	  18668	   48ec	stm32f105SpiFlash.elf
Finished building: default.size.stdout
 
Finished building: stm32f105SpiFlash.list
 
14:39:56 **** Incremental Build of configuration Debug for project stm32f105SpiFlash ****
make -j8 all 
arm-none-eabi-size   stm32f105SpiFlash.elf 
   text	   data	    bss	    dec	    hex	filename
  11508	    520	   6640	  18668	   48ec	stm32f105SpiFlash.elf
Finished building: default.size.stdout
 
14:43:25 **** Incremental Build of configuration Debug for project stm32f105SpiFlash ****
make -j8 all 
arm-none-eabi-gcc "../Core/Src/main.c" -mcpu=cortex-m3 -std=gnu11 -g3 -DDEBUG -DUSE_HAL_DRIVER -DSTM32F105xC -c -I../Core/Inc -I../Drivers/STM32F1xx_HAL_Driver/Inc/Legacy -I../Drivers/STM32F1xx_HAL_Driver/Inc -I../Drivers/CMSIS/Device/ST/STM32F1xx/Include -I../Drivers/CMSIS/Include -O0 -ffunction-sections -fdata-sections -Wall -fstack-usage -MMD -MP -MF"Core/Src/main.d" -MT"Core/Src/main.o" --specs=nano.specs -mfloat-abi=soft -mthumb -o "Core/Src/main.o"
arm-none-eabi-gcc -o "stm32f105SpiFlash.elf" @"objects.list"   -mcpu=cortex-m3 -T"/home/yakup/ProjectWorkspace/th-x-spiFlash/stm32f105SpiFlash/STM32F105VCTX_FLASH.ld" --specs=nosys.specs -Wl,-Map="stm32f105SpiFlash.map" -Wl,--gc-sections -static --specs=nano.specs -mfloat-abi=soft -mthumb -Wl,--start-group -lc -lm -Wl,--end-group
Finished building target: stm32f105SpiFlash.elf
 
arm-none-eabi-size   stm32f105SpiFlash.elf 
arm-none-eabi-objdump -h -S  stm32f105SpiFlash.elf  > "stm32f105SpiFlash.list"
   text	   data	    bss	    dec	    hex	filename
  11500	    520	   6640	  18660	   48e4	stm32f105SpiFlash.elf
Finished building: default.size.stdout
 
Finished building: stm32f105SpiFlash.list
 
14:43:27 **** Incremental Build of configuration Debug for project stm32f105SpiFlash ****
make -j8 all 
arm-none-eabi-size   stm32f105SpiFlash.elf 
   text	   data	    bss	    dec	    hex	filename
  11500	    520	   6640	  18660	   48e4	stm32f105SpiFlash.elf
Finished building: default.size.stdout
 
14:46:06 **** Incremental Build of configuration Debug for project stm32f105SpiFlash ****
make -j8 all 
arm-none-eabi-gcc "../Core/Src/main.c" -mcpu=cortex-m3 -std=gnu11 -g3 -DDEBUG -DUSE_HAL_DRIVER -DSTM32F105xC -c -I../Core/Inc -I../Drivers/STM32F1xx_HAL_Driver/Inc/Legacy -I../Drivers/STM32F1xx_HAL_Driver/Inc -I../Drivers/CMSIS/Device/ST/STM32F1xx/Include -I../Drivers/CMSIS/Include -O0 -ffunction-sections -fdata-sections -Wall -fstack-usage -MMD -MP -MF"Core/Src/main.d" -MT"Core/Src/main.o" --specs=nano.specs -mfloat-abi=soft -mthumb -o "Core/Src/main.o"
arm-none-eabi-gcc -o "stm32f105SpiFlash.elf" @"objects.list"   -mcpu=cortex-m3 -T"/home/yakup/ProjectWorkspace/th-x-spiFlash/stm32f105SpiFlash/STM32F105VCTX_FLASH.ld" --specs=nosys.specs -Wl,-Map="stm32f105SpiFlash.map" -Wl,--gc-sections -static --specs=nano.specs -mfloat-abi=soft -mthumb -Wl,--start-group -lc -lm -Wl,--end-group
Finished building target: stm32f105SpiFlash.elf
 
arm-none-eabi-size   stm32f105SpiFlash.elf 
arm-none-eabi-objdump -h -S  stm32f105SpiFlash.elf  > "stm32f105SpiFlash.list"
   text	   data	    bss	    dec	    hex	filename
  11500	    520	   6640	  18660	   48e4	stm32f105SpiFlash.elf
Finished building: default.size.stdout
 
Finished building: stm32f105SpiFlash.list
 
14:46:09 **** Incremental Build of configuration Debug for project stm32f105SpiFlash ****
make -j8 all 
arm-none-eabi-size   stm32f105SpiFlash.elf 
   text	   data	    bss	    dec	    hex	filename
  11500	    520	   6640	  18660	   48e4	stm32f105SpiFlash.elf
Finished building: default.size.stdout
 
14:49:17 **** Incremental Build of configuration Debug for project stm32f105SpiFlash ****
make -j8 all 
arm-none-eabi-gcc "../Core/Src/main.c" -mcpu=cortex-m3 -std=gnu11 -g3 -DDEBUG -DUSE_HAL_DRIVER -DSTM32F105xC -c -I../Core/Inc -I../Drivers/STM32F1xx_HAL_Driver/Inc/Legacy -I../Drivers/STM32F1xx_HAL_Driver/Inc -I../Drivers/CMSIS/Device/ST/STM32F1xx/Include -I../Drivers/CMSIS/Include -O0 -ffunction-sections -fdata-sections -Wall -fstack-usage -MMD -MP -MF"Core/Src/main.d" -MT"Core/Src/main.o" --specs=nano.specs -mfloat-abi=soft -mthumb -o "Core/Src/main.o"
../Core/Src/main.c: In function 'main':
../Core/Src/main.c:124:3: warning: implicit declaration of function 'memset' [-Wimplicit-function-declaration]
  124 |   memset(buffer2,0,sizeof(buffer2));
      |   ^~~~~~
../Core/Src/main.c:124:3: warning: incompatible implicit declaration of built-in function 'memset'
../Core/Src/main.c:25:1: note: include '<string.h>' or provide a declaration of 'memset'
   24 | #include "w25qxx.h"
  +++ |+#include <string.h>
   25 | /* USER CODE END Includes */
arm-none-eabi-gcc -o "stm32f105SpiFlash.elf" @"objects.list"   -mcpu=cortex-m3 -T"/home/yakup/ProjectWorkspace/th-x-spiFlash/stm32f105SpiFlash/STM32F105VCTX_FLASH.ld" --specs=nosys.specs -Wl,-Map="stm32f105SpiFlash.map" -Wl,--gc-sections -static --specs=nano.specs -mfloat-abi=soft -mthumb -Wl,--start-group -lc -lm -Wl,--end-group
Finished building target: stm32f105SpiFlash.elf
 
arm-none-eabi-size   stm32f105SpiFlash.elf 
arm-none-eabi-objdump -h -S  stm32f105SpiFlash.elf  > "stm32f105SpiFlash.list"
   text	   data	    bss	    dec	    hex	filename
  11512	    520	   6640	  18672	   48f0	stm32f105SpiFlash.elf
Finished building: default.size.stdout
 
Finished building: stm32f105SpiFlash.list
 
14:49:23 **** Incremental Build of configuration Debug for project stm32f105SpiFlash ****
make -j8 all 
arm-none-eabi-size   stm32f105SpiFlash.elf 
   text	   data	    bss	    dec	    hex	filename
  11512	    520	   6640	  18672	   48f0	stm32f105SpiFlash.elf
Finished building: default.size.stdout
 
14:59:40 **** Incremental Build of configuration Debug for project stm32f105SpiFlash ****
make -j8 all 
arm-none-eabi-gcc "../Core/Src/main.c" -mcpu=cortex-m3 -std=gnu11 -g3 -DDEBUG -DUSE_HAL_DRIVER -DSTM32F105xC -c -I../Core/Inc -I../Drivers/STM32F1xx_HAL_Driver/Inc/Legacy -I../Drivers/STM32F1xx_HAL_Driver/Inc -I../Drivers/CMSIS/Device/ST/STM32F1xx/Include -I../Drivers/CMSIS/Include -O0 -ffunction-sections -fdata-sections -Wall -fstack-usage -MMD -MP -MF"Core/Src/main.d" -MT"Core/Src/main.o" --specs=nano.specs -mfloat-abi=soft -mthumb -o "Core/Src/main.o"
../Core/Src/main.c: In function 'main':
../Core/Src/main.c:125:3: warning: implicit declaration of function 'memset' [-Wimplicit-function-declaration]
  125 |   memset(buffer2,0,sizeof(buffer2));
      |   ^~~~~~
../Core/Src/main.c:125:3: warning: incompatible implicit declaration of built-in function 'memset'
../Core/Src/main.c:25:1: note: include '<string.h>' or provide a declaration of 'memset'
   24 | #include "w25qxx.h"
  +++ |+#include <string.h>
   25 | /* USER CODE END Includes */
arm-none-eabi-gcc -o "stm32f105SpiFlash.elf" @"objects.list"   -mcpu=cortex-m3 -T"/home/yakup/ProjectWorkspace/th-x-spiFlash/stm32f105SpiFlash/STM32F105VCTX_FLASH.ld" --specs=nosys.specs -Wl,-Map="stm32f105SpiFlash.map" -Wl,--gc-sections -static --specs=nano.specs -mfloat-abi=soft -mthumb -Wl,--start-group -lc -lm -Wl,--end-group
Finished building target: stm32f105SpiFlash.elf
 
arm-none-eabi-size   stm32f105SpiFlash.elf 
arm-none-eabi-objdump -h -S  stm32f105SpiFlash.elf  > "stm32f105SpiFlash.list"
   text	   data	    bss	    dec	    hex	filename
  11528	    520	   6640	  18688	   4900	stm32f105SpiFlash.elf
Finished building: default.size.stdout
 
Finished building: stm32f105SpiFlash.list
 
15:00:42 **** Incremental Build of configuration Debug for project stm32f105SpiFlash ****
make -j8 all 
arm-none-eabi-gcc "../Core/Src/main.c" -mcpu=cortex-m3 -std=gnu11 -g3 -DDEBUG -DUSE_HAL_DRIVER -DSTM32F105xC -c -I../Core/Inc -I../Drivers/STM32F1xx_HAL_Driver/Inc/Legacy -I../Drivers/STM32F1xx_HAL_Driver/Inc -I../Drivers/CMSIS/Device/ST/STM32F1xx/Include -I../Drivers/CMSIS/Include -O0 -ffunction-sections -fdata-sections -Wall -fstack-usage -MMD -MP -MF"Core/Src/main.d" -MT"Core/Src/main.o" --specs=nano.specs -mfloat-abi=soft -mthumb -o "Core/Src/main.o"
../Core/Src/main.c: In function 'main':
../Core/Src/main.c:125:3: warning: implicit declaration of function 'memset' [-Wimplicit-function-declaration]
  125 |   memset(buffer2,0,sizeof(buffer2));
      |   ^~~~~~
../Core/Src/main.c:125:3: warning: incompatible implicit declaration of built-in function 'memset'
../Core/Src/main.c:25:1: note: include '<string.h>' or provide a declaration of 'memset'
   24 | #include "w25qxx.h"
  +++ |+#include <string.h>
   25 | /* USER CODE END Includes */
arm-none-eabi-gcc -o "stm32f105SpiFlash.elf" @"objects.list"   -mcpu=cortex-m3 -T"/home/yakup/ProjectWorkspace/th-x-spiFlash/stm32f105SpiFlash/STM32F105VCTX_FLASH.ld" --specs=nosys.specs -Wl,-Map="stm32f105SpiFlash.map" -Wl,--gc-sections -static --specs=nano.specs -mfloat-abi=soft -mthumb -Wl,--start-group -lc -lm -Wl,--end-group
Finished building target: stm32f105SpiFlash.elf
 
arm-none-eabi-size   stm32f105SpiFlash.elf 
arm-none-eabi-objdump -h -S  stm32f105SpiFlash.elf  > "stm32f105SpiFlash.list"
   text	   data	    bss	    dec	    hex	filename
  11764	    520	   6640	  18924	   49ec	stm32f105SpiFlash.elf
Finished building: default.size.stdout
 
Finished building: stm32f105SpiFlash.list
 
15:10:10 **** Incremental Build of configuration Debug for project stm32f105SpiFlash ****
make -j8 all 
arm-none-eabi-gcc "../Core/Src/main.c" -mcpu=cortex-m3 -std=gnu11 -g3 -DDEBUG -DUSE_HAL_DRIVER -DSTM32F105xC -c -I../Core/Inc -I../Drivers/STM32F1xx_HAL_Driver/Inc/Legacy -I../Drivers/STM32F1xx_HAL_Driver/Inc -I../Drivers/CMSIS/Device/ST/STM32F1xx/Include -I../Drivers/CMSIS/Include -O0 -ffunction-sections -fdata-sections -Wall -fstack-usage -MMD -MP -MF"Core/Src/main.d" -MT"Core/Src/main.o" --specs=nano.specs -mfloat-abi=soft -mthumb -o "Core/Src/main.o"
../Core/Src/main.c: In function 'main':
../Core/Src/main.c:125:3: warning: implicit declaration of function 'memset' [-Wimplicit-function-declaration]
  125 |   memset(buffer2,0,sizeof(buffer2));
      |   ^~~~~~
../Core/Src/main.c:125:3: warning: incompatible implicit declaration of built-in function 'memset'
../Core/Src/main.c:25:1: note: include '<string.h>' or provide a declaration of 'memset'
   24 | #include "w25qxx.h"
  +++ |+#include <string.h>
   25 | /* USER CODE END Includes */
arm-none-eabi-gcc -o "stm32f105SpiFlash.elf" @"objects.list"   -mcpu=cortex-m3 -T"/home/yakup/ProjectWorkspace/th-x-spiFlash/stm32f105SpiFlash/STM32F105VCTX_FLASH.ld" --specs=nosys.specs -Wl,-Map="stm32f105SpiFlash.map" -Wl,--gc-sections -static --specs=nano.specs -mfloat-abi=soft -mthumb -Wl,--start-group -lc -lm -Wl,--end-group
Finished building target: stm32f105SpiFlash.elf
 
arm-none-eabi-size   stm32f105SpiFlash.elf 
arm-none-eabi-objdump -h -S  stm32f105SpiFlash.elf  > "stm32f105SpiFlash.list"
   text	   data	    bss	    dec	    hex	filename
  11760	    520	   6640	  18920	   49e8	stm32f105SpiFlash.elf
Finished building: default.size.stdout
 
Finished building: stm32f105SpiFlash.list
 
15:11:06 **** Incremental Build of configuration Debug for project stm32f105SpiFlash ****
make -j8 all 
arm-none-eabi-gcc "../Core/Src/main.c" -mcpu=cortex-m3 -std=gnu11 -g3 -DDEBUG -DUSE_HAL_DRIVER -DSTM32F105xC -c -I../Core/Inc -I../Drivers/STM32F1xx_HAL_Driver/Inc/Legacy -I../Drivers/STM32F1xx_HAL_Driver/Inc -I../Drivers/CMSIS/Device/ST/STM32F1xx/Include -I../Drivers/CMSIS/Include -O0 -ffunction-sections -fdata-sections -Wall -fstack-usage -MMD -MP -MF"Core/Src/main.d" -MT"Core/Src/main.o" --specs=nano.specs -mfloat-abi=soft -mthumb -o "Core/Src/main.o"
../Core/Src/main.c: In function 'main':
../Core/Src/main.c:125:3: warning: implicit declaration of function 'memset' [-Wimplicit-function-declaration]
  125 |   memset(buffer2,0,sizeof(buffer2));
      |   ^~~~~~
../Core/Src/main.c:125:3: warning: incompatible implicit declaration of built-in function 'memset'
../Core/Src/main.c:25:1: note: include '<string.h>' or provide a declaration of 'memset'
   24 | #include "w25qxx.h"
  +++ |+#include <string.h>
   25 | /* USER CODE END Includes */
arm-none-eabi-gcc -o "stm32f105SpiFlash.elf" @"objects.list"   -mcpu=cortex-m3 -T"/home/yakup/ProjectWorkspace/th-x-spiFlash/stm32f105SpiFlash/STM32F105VCTX_FLASH.ld" --specs=nosys.specs -Wl,-Map="stm32f105SpiFlash.map" -Wl,--gc-sections -static --specs=nano.specs -mfloat-abi=soft -mthumb -Wl,--start-group -lc -lm -Wl,--end-group
Finished building target: stm32f105SpiFlash.elf
 
arm-none-eabi-size   stm32f105SpiFlash.elf 
arm-none-eabi-objdump -h -S  stm32f105SpiFlash.elf  > "stm32f105SpiFlash.list"
   text	   data	    bss	    dec	    hex	filename
  11564	    520	   6640	  18724	   4924	stm32f105SpiFlash.elf
Finished building: default.size.stdout
 
Finished building: stm32f105SpiFlash.list
 
15:12:03 **** Incremental Build of configuration Debug for project stm32f105SpiFlash ****
make -j8 all 
arm-none-eabi-gcc "../Core/Src/main.c" -mcpu=cortex-m3 -std=gnu11 -g3 -DDEBUG -DUSE_HAL_DRIVER -DSTM32F105xC -c -I../Core/Inc -I../Drivers/STM32F1xx_HAL_Driver/Inc/Legacy -I../Drivers/STM32F1xx_HAL_Driver/Inc -I../Drivers/CMSIS/Device/ST/STM32F1xx/Include -I../Drivers/CMSIS/Include -O0 -ffunction-sections -fdata-sections -Wall -fstack-usage -MMD -MP -MF"Core/Src/main.d" -MT"Core/Src/main.o" --specs=nano.specs -mfloat-abi=soft -mthumb -o "Core/Src/main.o"
../Core/Src/main.c: In function 'main':
../Core/Src/main.c:125:3: warning: implicit declaration of function 'memset' [-Wimplicit-function-declaration]
  125 |   memset(buffer2,0,sizeof(buffer2));
      |   ^~~~~~
../Core/Src/main.c:125:3: warning: incompatible implicit declaration of built-in function 'memset'
../Core/Src/main.c:25:1: note: include '<string.h>' or provide a declaration of 'memset'
   24 | #include "w25qxx.h"
  +++ |+#include <string.h>
   25 | /* USER CODE END Includes */
arm-none-eabi-gcc -o "stm32f105SpiFlash.elf" @"objects.list"   -mcpu=cortex-m3 -T"/home/yakup/ProjectWorkspace/th-x-spiFlash/stm32f105SpiFlash/STM32F105VCTX_FLASH.ld" --specs=nosys.specs -Wl,-Map="stm32f105SpiFlash.map" -Wl,--gc-sections -static --specs=nano.specs -mfloat-abi=soft -mthumb -Wl,--start-group -lc -lm -Wl,--end-group
Finished building target: stm32f105SpiFlash.elf
 
arm-none-eabi-size   stm32f105SpiFlash.elf 
arm-none-eabi-objdump -h -S  stm32f105SpiFlash.elf  > "stm32f105SpiFlash.list"
   text	   data	    bss	    dec	    hex	filename
  11564	    520	   6640	  18724	   4924	stm32f105SpiFlash.elf
Finished building: default.size.stdout
 
Finished building: stm32f105SpiFlash.list
 
15:13:27 **** Incremental Build of configuration Debug for project stm32f105SpiFlash ****
make -j8 all 
arm-none-eabi-gcc "../Core/Src/main.c" -mcpu=cortex-m3 -std=gnu11 -g3 -DDEBUG -DUSE_HAL_DRIVER -DSTM32F105xC -c -I../Core/Inc -I../Drivers/STM32F1xx_HAL_Driver/Inc/Legacy -I../Drivers/STM32F1xx_HAL_Driver/Inc -I../Drivers/CMSIS/Device/ST/STM32F1xx/Include -I../Drivers/CMSIS/Include -O0 -ffunction-sections -fdata-sections -Wall -fstack-usage -MMD -MP -MF"Core/Src/main.d" -MT"Core/Src/main.o" --specs=nano.specs -mfloat-abi=soft -mthumb -o "Core/Src/main.o"
../Core/Src/main.c: In function 'main':
../Core/Src/main.c:125:3: warning: implicit declaration of function 'memset' [-Wimplicit-function-declaration]
  125 |   memset(buffer2,0,sizeof(buffer2));
      |   ^~~~~~
../Core/Src/main.c:125:3: warning: incompatible implicit declaration of built-in function 'memset'
../Core/Src/main.c:25:1: note: include '<string.h>' or provide a declaration of 'memset'
   24 | #include "w25qxx.h"
  +++ |+#include <string.h>
   25 | /* USER CODE END Includes */
arm-none-eabi-gcc -o "stm32f105SpiFlash.elf" @"objects.list"   -mcpu=cortex-m3 -T"/home/yakup/ProjectWorkspace/th-x-spiFlash/stm32f105SpiFlash/STM32F105VCTX_FLASH.ld" --specs=nosys.specs -Wl,-Map="stm32f105SpiFlash.map" -Wl,--gc-sections -static --specs=nano.specs -mfloat-abi=soft -mthumb -Wl,--start-group -lc -lm -Wl,--end-group
Finished building target: stm32f105SpiFlash.elf
 
arm-none-eabi-size   stm32f105SpiFlash.elf 
arm-none-eabi-objdump -h -S  stm32f105SpiFlash.elf  > "stm32f105SpiFlash.list"
   text	   data	    bss	    dec	    hex	filename
  11324	    520	   6640	  18484	   4834	stm32f105SpiFlash.elf
Finished building: default.size.stdout
 
Finished building: stm32f105SpiFlash.list
 
15:14:58 **** Incremental Build of configuration Debug for project stm32f105SpiFlash ****
make -j8 all 
arm-none-eabi-gcc "../Core/Src/main.c" -mcpu=cortex-m3 -std=gnu11 -g3 -DDEBUG -DUSE_HAL_DRIVER -DSTM32F105xC -c -I../Core/Inc -I../Drivers/STM32F1xx_HAL_Driver/Inc/Legacy -I../Drivers/STM32F1xx_HAL_Driver/Inc -I../Drivers/CMSIS/Device/ST/STM32F1xx/Include -I../Drivers/CMSIS/Include -O0 -ffunction-sections -fdata-sections -Wall -fstack-usage -MMD -MP -MF"Core/Src/main.d" -MT"Core/Src/main.o" --specs=nano.specs -mfloat-abi=soft -mthumb -o "Core/Src/main.o"
../Core/Src/main.c:56:22: error: expected ':', ',', ';', '}' or '__attribute__' before '=' token
   56 |  uint32_t sectorSize = 4096;
      |                      ^
make: *** [Core/Src/subdir.mk:37: Core/Src/main.o] Error 1
"make -j8 all" terminated with exit code 2. Build might be incomplete.
15:15:06 **** Incremental Build of configuration Debug for project stm32f105SpiFlash ****
make -j8 all 
arm-none-eabi-gcc "../Core/Src/main.c" -mcpu=cortex-m3 -std=gnu11 -g3 -DDEBUG -DUSE_HAL_DRIVER -DSTM32F105xC -c -I../Core/Inc -I../Drivers/STM32F1xx_HAL_Driver/Inc/Legacy -I../Drivers/STM32F1xx_HAL_Driver/Inc -I../Drivers/CMSIS/Device/ST/STM32F1xx/Include -I../Drivers/CMSIS/Include -O0 -ffunction-sections -fdata-sections -Wall -fstack-usage -MMD -MP -MF"Core/Src/main.d" -MT"Core/Src/main.o" --specs=nano.specs -mfloat-abi=soft -mthumb -o "Core/Src/main.o"
arm-none-eabi-gcc -o "stm32f105SpiFlash.elf" @"objects.list"   -mcpu=cortex-m3 -T"/home/yakup/ProjectWorkspace/th-x-spiFlash/stm32f105SpiFlash/STM32F105VCTX_FLASH.ld" --specs=nosys.specs -Wl,-Map="stm32f105SpiFlash.map" -Wl,--gc-sections -static --specs=nano.specs -mfloat-abi=soft -mthumb -Wl,--start-group -lc -lm -Wl,--end-group
Finished building target: stm32f105SpiFlash.elf
 
arm-none-eabi-size   stm32f105SpiFlash.elf 
arm-none-eabi-objdump -h -S  stm32f105SpiFlash.elf  > "stm32f105SpiFlash.list"
   text	   data	    bss	    dec	    hex	filename
  11000	    520	   6616	  18136	   46d8	stm32f105SpiFlash.elf
Finished building: default.size.stdout
 
Finished building: stm32f105SpiFlash.list
 
15:15:09 **** Incremental Build of configuration Debug for project stm32f105SpiFlash ****
make -j8 all 
arm-none-eabi-size   stm32f105SpiFlash.elf 
   text	   data	    bss	    dec	    hex	filename
  11000	    520	   6616	  18136	   46d8	stm32f105SpiFlash.elf
Finished building: default.size.stdout
 
15:17:40 **** Incremental Build of configuration Debug for project stm32f105SpiFlash ****
make -j8 all 
arm-none-eabi-gcc "../Core/Src/main.c" -mcpu=cortex-m3 -std=gnu11 -g3 -DDEBUG -DUSE_HAL_DRIVER -DSTM32F105xC -c -I../Core/Inc -I../Drivers/STM32F1xx_HAL_Driver/Inc/Legacy -I../Drivers/STM32F1xx_HAL_Driver/Inc -I../Drivers/CMSIS/Device/ST/STM32F1xx/Include -I../Drivers/CMSIS/Include -O0 -ffunction-sections -fdata-sections -Wall -fstack-usage -MMD -MP -MF"Core/Src/main.d" -MT"Core/Src/main.o" --specs=nano.specs -mfloat-abi=soft -mthumb -o "Core/Src/main.o"
arm-none-eabi-gcc -o "stm32f105SpiFlash.elf" @"objects.list"   -mcpu=cortex-m3 -T"/home/yakup/ProjectWorkspace/th-x-spiFlash/stm32f105SpiFlash/STM32F105VCTX_FLASH.ld" --specs=nosys.specs -Wl,-Map="stm32f105SpiFlash.map" -Wl,--gc-sections -static --specs=nano.specs -mfloat-abi=soft -mthumb -Wl,--start-group -lc -lm -Wl,--end-group
Finished building target: stm32f105SpiFlash.elf
 
arm-none-eabi-size   stm32f105SpiFlash.elf 
arm-none-eabi-objdump -h -S  stm32f105SpiFlash.elf  > "stm32f105SpiFlash.list"
   text	   data	    bss	    dec	    hex	filename
  11432	    520	   6616	  18568	   4888	stm32f105SpiFlash.elf
Finished building: default.size.stdout
 
Finished building: stm32f105SpiFlash.list
 
15:18:19 **** Incremental Build of configuration Debug for project stm32f105SpiFlash ****
make -j8 all 
arm-none-eabi-gcc "../Core/Src/main.c" -mcpu=cortex-m3 -std=gnu11 -g3 -DDEBUG -DUSE_HAL_DRIVER -DSTM32F105xC -c -I../Core/Inc -I../Drivers/STM32F1xx_HAL_Driver/Inc/Legacy -I../Drivers/STM32F1xx_HAL_Driver/Inc -I../Drivers/CMSIS/Device/ST/STM32F1xx/Include -I../Drivers/CMSIS/Include -O0 -ffunction-sections -fdata-sections -Wall -fstack-usage -MMD -MP -MF"Core/Src/main.d" -MT"Core/Src/main.o" --specs=nano.specs -mfloat-abi=soft -mthumb -o "Core/Src/main.o"
arm-none-eabi-gcc -o "stm32f105SpiFlash.elf" @"objects.list"   -mcpu=cortex-m3 -T"/home/yakup/ProjectWorkspace/th-x-spiFlash/stm32f105SpiFlash/STM32F105VCTX_FLASH.ld" --specs=nosys.specs -Wl,-Map="stm32f105SpiFlash.map" -Wl,--gc-sections -static --specs=nano.specs -mfloat-abi=soft -mthumb -Wl,--start-group -lc -lm -Wl,--end-group
Finished building target: stm32f105SpiFlash.elf
 
arm-none-eabi-size   stm32f105SpiFlash.elf 
arm-none-eabi-objdump -h -S  stm32f105SpiFlash.elf  > "stm32f105SpiFlash.list"
   text	   data	    bss	    dec	    hex	filename
  11432	   4940	   6620	  22992	   59d0	stm32f105SpiFlash.elf
Finished building: default.size.stdout
 
Finished building: stm32f105SpiFlash.list
 
15:20:18 **** Incremental Build of configuration Debug for project stm32f105SpiFlash ****
make -j8 all 
arm-none-eabi-gcc "../Core/Src/main.c" -mcpu=cortex-m3 -std=gnu11 -g3 -DDEBUG -DUSE_HAL_DRIVER -DSTM32F105xC -c -I../Core/Inc -I../Drivers/STM32F1xx_HAL_Driver/Inc/Legacy -I../Drivers/STM32F1xx_HAL_Driver/Inc -I../Drivers/CMSIS/Device/ST/STM32F1xx/Include -I../Drivers/CMSIS/Include -O0 -ffunction-sections -fdata-sections -Wall -fstack-usage -MMD -MP -MF"Core/Src/main.d" -MT"Core/Src/main.o" --specs=nano.specs -mfloat-abi=soft -mthumb -o "Core/Src/main.o"
arm-none-eabi-gcc -o "stm32f105SpiFlash.elf" @"objects.list"   -mcpu=cortex-m3 -T"/home/yakup/ProjectWorkspace/th-x-spiFlash/stm32f105SpiFlash/STM32F105VCTX_FLASH.ld" --specs=nosys.specs -Wl,-Map="stm32f105SpiFlash.map" -Wl,--gc-sections -static --specs=nano.specs -mfloat-abi=soft -mthumb -Wl,--start-group -lc -lm -Wl,--end-group
Finished building target: stm32f105SpiFlash.elf
 
arm-none-eabi-size   stm32f105SpiFlash.elf 
arm-none-eabi-objdump -h -S  stm32f105SpiFlash.elf  > "stm32f105SpiFlash.list"
   text	   data	    bss	    dec	    hex	filename
  11428	   4940	   6620	  22988	   59cc	stm32f105SpiFlash.elf
Finished building: default.size.stdout
 
Finished building: stm32f105SpiFlash.list
 
15:20:45 **** Incremental Build of configuration Debug for project stm32f105SpiFlash ****
make -j8 all 
arm-none-eabi-gcc "../Core/Src/main.c" -mcpu=cortex-m3 -std=gnu11 -g3 -DDEBUG -DUSE_HAL_DRIVER -DSTM32F105xC -c -I../Core/Inc -I../Drivers/STM32F1xx_HAL_Driver/Inc/Legacy -I../Drivers/STM32F1xx_HAL_Driver/Inc -I../Drivers/CMSIS/Device/ST/STM32F1xx/Include -I../Drivers/CMSIS/Include -O0 -ffunction-sections -fdata-sections -Wall -fstack-usage -MMD -MP -MF"Core/Src/main.d" -MT"Core/Src/main.o" --specs=nano.specs -mfloat-abi=soft -mthumb -o "Core/Src/main.o"
arm-none-eabi-gcc -o "stm32f105SpiFlash.elf" @"objects.list"   -mcpu=cortex-m3 -T"/home/yakup/ProjectWorkspace/th-x-spiFlash/stm32f105SpiFlash/STM32F105VCTX_FLASH.ld" --specs=nosys.specs -Wl,-Map="stm32f105SpiFlash.map" -Wl,--gc-sections -static --specs=nano.specs -mfloat-abi=soft -mthumb -Wl,--start-group -lc -lm -Wl,--end-group
Finished building target: stm32f105SpiFlash.elf
 
arm-none-eabi-size   stm32f105SpiFlash.elf 
arm-none-eabi-objdump -h -S  stm32f105SpiFlash.elf  > "stm32f105SpiFlash.list"
   text	   data	    bss	    dec	    hex	filename
  11428	   4940	   6620	  22988	   59cc	stm32f105SpiFlash.elf
Finished building: default.size.stdout
 
Finished building: stm32f105SpiFlash.list
 
15:27:24 **** Incremental Build of configuration Debug for project stm32f105SpiFlash ****
make -j8 all 
arm-none-eabi-gcc "../Core/Src/main.c" -mcpu=cortex-m3 -std=gnu11 -g3 -DDEBUG -DUSE_HAL_DRIVER -DSTM32F105xC -c -I../Core/Inc -I../Drivers/STM32F1xx_HAL_Driver/Inc/Legacy -I../Drivers/STM32F1xx_HAL_Driver/Inc -I../Drivers/CMSIS/Device/ST/STM32F1xx/Include -I../Drivers/CMSIS/Include -O0 -ffunction-sections -fdata-sections -Wall -fstack-usage -MMD -MP -MF"Core/Src/main.d" -MT"Core/Src/main.o" --specs=nano.specs -mfloat-abi=soft -mthumb -o "Core/Src/main.o"
../Core/Src/main.c:46:1: error: expected ',' or ';' before 'uint8_t'
   46 | uint8_t buffer2[4920]= {0};
      | ^~~~~~~
../Core/Src/main.c:57:22: error: expected ':', ',', ';', '}' or '__attribute__' before '=' token
   57 |  uint32_t sectorSize = 4096;
      |                      ^
make: *** [Core/Src/subdir.mk:37: Core/Src/main.o] Error 1
"make -j8 all" terminated with exit code 2. Build might be incomplete.
15:27:39 **** Incremental Build of configuration Debug for project stm32f105SpiFlash ****
make -j8 all 
arm-none-eabi-gcc "../Core/Src/main.c" -mcpu=cortex-m3 -std=gnu11 -g3 -DDEBUG -DUSE_HAL_DRIVER -DSTM32F105xC -c -I../Core/Inc -I../Drivers/STM32F1xx_HAL_Driver/Inc/Legacy -I../Drivers/STM32F1xx_HAL_Driver/Inc -I../Drivers/CMSIS/Device/ST/STM32F1xx/Include -I../Drivers/CMSIS/Include -O0 -ffunction-sections -fdata-sections -Wall -fstack-usage -MMD -MP -MF"Core/Src/main.d" -MT"Core/Src/main.o" --specs=nano.specs -mfloat-abi=soft -mthumb -o "Core/Src/main.o"
../Core/Src/main.c:46:1: error: expected ',' or ';' before 'uint8_t'
   46 | uint8_t buffer2[4920]= {0};
      | ^~~~~~~
make: *** [Core/Src/subdir.mk:37: Core/Src/main.o] Error 1
"make -j8 all" terminated with exit code 2. Build might be incomplete.
15:27:52 **** Incremental Build of configuration Debug for project stm32f105SpiFlash ****
make -j8 all 
arm-none-eabi-gcc "../Core/Src/main.c" -mcpu=cortex-m3 -std=gnu11 -g3 -DDEBUG -DUSE_HAL_DRIVER -DSTM32F105xC -c -I../Core/Inc -I../Drivers/STM32F1xx_HAL_Driver/Inc/Legacy -I../Drivers/STM32F1xx_HAL_Driver/Inc -I../Drivers/CMSIS/Device/ST/STM32F1xx/Include -I../Drivers/CMSIS/Include -O0 -ffunction-sections -fdata-sections -Wall -fstack-usage -MMD -MP -MF"Core/Src/main.d" -MT"Core/Src/main.o" --specs=nano.specs -mfloat-abi=soft -mthumb -o "Core/Src/main.o"
arm-none-eabi-gcc -o "stm32f105SpiFlash.elf" @"objects.list"   -mcpu=cortex-m3 -T"/home/yakup/ProjectWorkspace/th-x-spiFlash/stm32f105SpiFlash/STM32F105VCTX_FLASH.ld" --specs=nosys.specs -Wl,-Map="stm32f105SpiFlash.map" -Wl,--gc-sections -static --specs=nano.specs -mfloat-abi=soft -mthumb -Wl,--start-group -lc -lm -Wl,--end-group
Finished building target: stm32f105SpiFlash.elf
 
arm-none-eabi-size   stm32f105SpiFlash.elf 
arm-none-eabi-objdump -h -S  stm32f105SpiFlash.elf  > "stm32f105SpiFlash.list"
   text	   data	    bss	    dec	    hex	filename
  10220	    620	   1724	  12564	   3114	stm32f105SpiFlash.elf
Finished building: default.size.stdout
 
Finished building: stm32f105SpiFlash.list
 
15:30:14 **** Incremental Build of configuration Debug for project stm32f105SpiFlash ****
make -j8 all 
arm-none-eabi-gcc "../Core/Src/main.c" -mcpu=cortex-m3 -std=gnu11 -g3 -DDEBUG -DUSE_HAL_DRIVER -DSTM32F105xC -c -I../Core/Inc -I../Drivers/STM32F1xx_HAL_Driver/Inc/Legacy -I../Drivers/STM32F1xx_HAL_Driver/Inc -I../Drivers/CMSIS/Device/ST/STM32F1xx/Include -I../Drivers/CMSIS/Include -O0 -ffunction-sections -fdata-sections -Wall -fstack-usage -MMD -MP -MF"Core/Src/main.d" -MT"Core/Src/main.o" --specs=nano.specs -mfloat-abi=soft -mthumb -o "Core/Src/main.o"
arm-none-eabi-gcc -o "stm32f105SpiFlash.elf" @"objects.list"   -mcpu=cortex-m3 -T"/home/yakup/ProjectWorkspace/th-x-spiFlash/stm32f105SpiFlash/STM32F105VCTX_FLASH.ld" --specs=nosys.specs -Wl,-Map="stm32f105SpiFlash.map" -Wl,--gc-sections -static --specs=nano.specs -mfloat-abi=soft -mthumb -Wl,--start-group -lc -lm -Wl,--end-group
Finished building target: stm32f105SpiFlash.elf
 
arm-none-eabi-size   stm32f105SpiFlash.elf 
arm-none-eabi-objdump -h -S  stm32f105SpiFlash.elf  > "stm32f105SpiFlash.list"
   text	   data	    bss	    dec	    hex	filename
  10264	    620	  11564	  22448	   57b0	stm32f105SpiFlash.elf
Finished building: default.size.stdout
 
Finished building: stm32f105SpiFlash.list
 
15:30:33 **** Incremental Build of configuration Debug for project stm32f105SpiFlash ****
make -j8 all 
arm-none-eabi-size   stm32f105SpiFlash.elf 
   text	   data	    bss	    dec	    hex	filename
  10264	    620	  11564	  22448	   57b0	stm32f105SpiFlash.elf
Finished building: default.size.stdout
 
15:31:55 **** Incremental Build of configuration Debug for project stm32f105SpiFlash ****
make -j8 all 
arm-none-eabi-gcc "../Core/Src/main.c" -mcpu=cortex-m3 -std=gnu11 -g3 -DDEBUG -DUSE_HAL_DRIVER -DSTM32F105xC -c -I../Core/Inc -I../Drivers/STM32F1xx_HAL_Driver/Inc/Legacy -I../Drivers/STM32F1xx_HAL_Driver/Inc -I../Drivers/CMSIS/Device/ST/STM32F1xx/Include -I../Drivers/CMSIS/Include -O0 -ffunction-sections -fdata-sections -Wall -fstack-usage -MMD -MP -MF"Core/Src/main.d" -MT"Core/Src/main.o" --specs=nano.specs -mfloat-abi=soft -mthumb -o "Core/Src/main.o"
arm-none-eabi-gcc -o "stm32f105SpiFlash.elf" @"objects.list"   -mcpu=cortex-m3 -T"/home/yakup/ProjectWorkspace/th-x-spiFlash/stm32f105SpiFlash/STM32F105VCTX_FLASH.ld" --specs=nosys.specs -Wl,-Map="stm32f105SpiFlash.map" -Wl,--gc-sections -static --specs=nano.specs -mfloat-abi=soft -mthumb -Wl,--start-group -lc -lm -Wl,--end-group
Finished building target: stm32f105SpiFlash.elf
 
arm-none-eabi-size   stm32f105SpiFlash.elf 
arm-none-eabi-objdump -h -S  stm32f105SpiFlash.elf  > "stm32f105SpiFlash.list"
   text	   data	    bss	    dec	    hex	filename
  11424	    620	  11564	  23608	   5c38	stm32f105SpiFlash.elf
Finished building: default.size.stdout
 
Finished building: stm32f105SpiFlash.list
 
15:31:58 **** Incremental Build of configuration Debug for project stm32f105SpiFlash ****
make -j8 all 
arm-none-eabi-size   stm32f105SpiFlash.elf 
   text	   data	    bss	    dec	    hex	filename
  11424	    620	  11564	  23608	   5c38	stm32f105SpiFlash.elf
Finished building: default.size.stdout
 
15:32:56 **** Incremental Build of configuration Debug for project stm32f105SpiFlash ****
make -j8 all 
arm-none-eabi-gcc "../Core/Src/main.c" -mcpu=cortex-m3 -std=gnu11 -g3 -DDEBUG -DUSE_HAL_DRIVER -DSTM32F105xC -c -I../Core/Inc -I../Drivers/STM32F1xx_HAL_Driver/Inc/Legacy -I../Drivers/STM32F1xx_HAL_Driver/Inc -I../Drivers/CMSIS/Device/ST/STM32F1xx/Include -I../Drivers/CMSIS/Include -O0 -ffunction-sections -fdata-sections -Wall -fstack-usage -MMD -MP -MF"Core/Src/main.d" -MT"Core/Src/main.o" --specs=nano.specs -mfloat-abi=soft -mthumb -o "Core/Src/main.o"
arm-none-eabi-gcc -o "stm32f105SpiFlash.elf" @"objects.list"   -mcpu=cortex-m3 -T"/home/yakup/ProjectWorkspace/th-x-spiFlash/stm32f105SpiFlash/STM32F105VCTX_FLASH.ld" --specs=nosys.specs -Wl,-Map="stm32f105SpiFlash.map" -Wl,--gc-sections -static --specs=nano.specs -mfloat-abi=soft -mthumb -Wl,--start-group -lc -lm -Wl,--end-group
Finished building target: stm32f105SpiFlash.elf
 
arm-none-eabi-size   stm32f105SpiFlash.elf 
arm-none-eabi-objdump -h -S  stm32f105SpiFlash.elf  > "stm32f105SpiFlash.list"
   text	   data	    bss	    dec	    hex	filename
  11516	    620	  11564	  23700	   5c94	stm32f105SpiFlash.elf
Finished building: default.size.stdout
 
Finished building: stm32f105SpiFlash.list
 
15:32:59 **** Incremental Build of configuration Debug for project stm32f105SpiFlash ****
make -j8 all 
arm-none-eabi-size   stm32f105SpiFlash.elf 
   text	   data	    bss	    dec	    hex	filename
  11516	    620	  11564	  23700	   5c94	stm32f105SpiFlash.elf
Finished building: default.size.stdout
 
15:34:51 **** Incremental Build of configuration Debug for project stm32f105SpiFlash ****
make -j8 all 
arm-none-eabi-gcc "../Core/Src/main.c" -mcpu=cortex-m3 -std=gnu11 -g3 -DDEBUG -DUSE_HAL_DRIVER -DSTM32F105xC -c -I../Core/Inc -I../Drivers/STM32F1xx_HAL_Driver/Inc/Legacy -I../Drivers/STM32F1xx_HAL_Driver/Inc -I../Drivers/CMSIS/Device/ST/STM32F1xx/Include -I../Drivers/CMSIS/Include -O0 -ffunction-sections -fdata-sections -Wall -fstack-usage -MMD -MP -MF"Core/Src/main.d" -MT"Core/Src/main.o" --specs=nano.specs -mfloat-abi=soft -mthumb -o "Core/Src/main.o"
arm-none-eabi-gcc -o "stm32f105SpiFlash.elf" @"objects.list"   -mcpu=cortex-m3 -T"/home/yakup/ProjectWorkspace/th-x-spiFlash/stm32f105SpiFlash/STM32F105VCTX_FLASH.ld" --specs=nosys.specs -Wl,-Map="stm32f105SpiFlash.map" -Wl,--gc-sections -static --specs=nano.specs -mfloat-abi=soft -mthumb -Wl,--start-group -lc -lm -Wl,--end-group
Finished building target: stm32f105SpiFlash.elf
 
arm-none-eabi-size   stm32f105SpiFlash.elf 
arm-none-eabi-objdump -h -S  stm32f105SpiFlash.elf  > "stm32f105SpiFlash.list"
   text	   data	    bss	    dec	    hex	filename
  11516	    620	  11564	  23700	   5c94	stm32f105SpiFlash.elf
Finished building: default.size.stdout
 
Finished building: stm32f105SpiFlash.list
 
15:34:56 **** Incremental Build of configuration Debug for project stm32f105SpiFlash ****
make -j8 all 
arm-none-eabi-size   stm32f105SpiFlash.elf 
   text	   data	    bss	    dec	    hex	filename
  11516	    620	  11564	  23700	   5c94	stm32f105SpiFlash.elf
Finished building: default.size.stdout
 
15:58:26 **** Incremental Build of configuration Debug for project stm32f105SpiFlash ****
make -j8 all 
arm-none-eabi-gcc "../Core/Src/main.c" -mcpu=cortex-m3 -std=gnu11 -g3 -DDEBUG -DUSE_HAL_DRIVER -DSTM32F105xC -c -I../Core/Inc -I../Drivers/STM32F1xx_HAL_Driver/Inc/Legacy -I../Drivers/STM32F1xx_HAL_Driver/Inc -I../Drivers/CMSIS/Device/ST/STM32F1xx/Include -I../Drivers/CMSIS/Include -O0 -ffunction-sections -fdata-sections -Wall -fstack-usage -MMD -MP -MF"Core/Src/main.d" -MT"Core/Src/main.o" --specs=nano.specs -mfloat-abi=soft -mthumb -o "Core/Src/main.o"
../Core/Src/main.c: In function 'main':
../Core/Src/main.c:128:3: warning: implicit declaration of function 'memcpy' [-Wimplicit-function-declaration]
  128 |   memcpy(temproryBuffer,&buffer1[sizeof(spistruct.bufferCountforTemp)-sizeof(spistruct.dataCount)],spistruct.dataCount*sizeof(uint8_t));
      |   ^~~~~~
../Core/Src/main.c:128:3: warning: incompatible implicit declaration of built-in function 'memcpy'
../Core/Src/main.c:25:1: note: include '<string.h>' or provide a declaration of 'memcpy'
   24 | #include "w25qxx.h"
  +++ |+#include <string.h>
   25 | /* USER CODE END Includes */
arm-none-eabi-gcc -o "stm32f105SpiFlash.elf" @"objects.list"   -mcpu=cortex-m3 -T"/home/yakup/ProjectWorkspace/th-x-spiFlash/stm32f105SpiFlash/STM32F105VCTX_FLASH.ld" --specs=nosys.specs -Wl,-Map="stm32f105SpiFlash.map" -Wl,--gc-sections -static --specs=nano.specs -mfloat-abi=soft -mthumb -Wl,--start-group -lc -lm -Wl,--end-group
Finished building target: stm32f105SpiFlash.elf
 
arm-none-eabi-size   stm32f105SpiFlash.elf 
arm-none-eabi-objdump -h -S  stm32f105SpiFlash.elf  > "stm32f105SpiFlash.list"
   text	   data	    bss	    dec	    hex	filename
  11728	    620	  11572	  23920	   5d70	stm32f105SpiFlash.elf
Finished building: default.size.stdout
 
Finished building: stm32f105SpiFlash.list
 
15:58:48 **** Incremental Build of configuration Debug for project stm32f105SpiFlash ****
make -j8 all 
arm-none-eabi-gcc "../Core/Src/main.c" -mcpu=cortex-m3 -std=gnu11 -g3 -DDEBUG -DUSE_HAL_DRIVER -DSTM32F105xC -c -I../Core/Inc -I../Drivers/STM32F1xx_HAL_Driver/Inc/Legacy -I../Drivers/STM32F1xx_HAL_Driver/Inc -I../Drivers/CMSIS/Device/ST/STM32F1xx/Include -I../Drivers/CMSIS/Include -O0 -ffunction-sections -fdata-sections -Wall -fstack-usage -MMD -MP -MF"Core/Src/main.d" -MT"Core/Src/main.o" --specs=nano.specs -mfloat-abi=soft -mthumb -o "Core/Src/main.o"
arm-none-eabi-gcc -o "stm32f105SpiFlash.elf" @"objects.list"   -mcpu=cortex-m3 -T"/home/yakup/ProjectWorkspace/th-x-spiFlash/stm32f105SpiFlash/STM32F105VCTX_FLASH.ld" --specs=nosys.specs -Wl,-Map="stm32f105SpiFlash.map" -Wl,--gc-sections -static --specs=nano.specs -mfloat-abi=soft -mthumb -Wl,--start-group -lc -lm -Wl,--end-group
Finished building target: stm32f105SpiFlash.elf
 
arm-none-eabi-size   stm32f105SpiFlash.elf 
arm-none-eabi-objdump -h -S  stm32f105SpiFlash.elf  > "stm32f105SpiFlash.list"
   text	   data	    bss	    dec	    hex	filename
  11728	    620	  11572	  23920	   5d70	stm32f105SpiFlash.elf
Finished building: default.size.stdout
 
Finished building: stm32f105SpiFlash.list
 
15:58:55 **** Incremental Build of configuration Debug for project stm32f105SpiFlash ****
make -j8 all 
arm-none-eabi-size   stm32f105SpiFlash.elf 
   text	   data	    bss	    dec	    hex	filename
  11728	    620	  11572	  23920	   5d70	stm32f105SpiFlash.elf
Finished building: default.size.stdout
 
16:01:22 **** Incremental Build of configuration Debug for project stm32f105SpiFlash ****
make -j8 all 
arm-none-eabi-gcc "../Core/Src/main.c" -mcpu=cortex-m3 -std=gnu11 -g3 -DDEBUG -DUSE_HAL_DRIVER -DSTM32F105xC -c -I../Core/Inc -I../Drivers/STM32F1xx_HAL_Driver/Inc/Legacy -I../Drivers/STM32F1xx_HAL_Driver/Inc -I../Drivers/CMSIS/Device/ST/STM32F1xx/Include -I../Drivers/CMSIS/Include -O0 -ffunction-sections -fdata-sections -Wall -fstack-usage -MMD -MP -MF"Core/Src/main.d" -MT"Core/Src/main.o" --specs=nano.specs -mfloat-abi=soft -mthumb -o "Core/Src/main.o"
arm-none-eabi-gcc -o "stm32f105SpiFlash.elf" @"objects.list"   -mcpu=cortex-m3 -T"/home/yakup/ProjectWorkspace/th-x-spiFlash/stm32f105SpiFlash/STM32F105VCTX_FLASH.ld" --specs=nosys.specs -Wl,-Map="stm32f105SpiFlash.map" -Wl,--gc-sections -static --specs=nano.specs -mfloat-abi=soft -mthumb -Wl,--start-group -lc -lm -Wl,--end-group
Finished building target: stm32f105SpiFlash.elf
 
arm-none-eabi-size   stm32f105SpiFlash.elf 
arm-none-eabi-objdump -h -S  stm32f105SpiFlash.elf  > "stm32f105SpiFlash.list"
   text	   data	    bss	    dec	    hex	filename
  11724	    620	  11572	  23916	   5d6c	stm32f105SpiFlash.elf
Finished building: default.size.stdout
 
Finished building: stm32f105SpiFlash.list
 
16:03:21 **** Incremental Build of configuration Debug for project stm32f105SpiFlash ****
make -j8 all 
arm-none-eabi-gcc "../Core/Src/main.c" -mcpu=cortex-m3 -std=gnu11 -g3 -DDEBUG -DUSE_HAL_DRIVER -DSTM32F105xC -c -I../Core/Inc -I../Drivers/STM32F1xx_HAL_Driver/Inc/Legacy -I../Drivers/STM32F1xx_HAL_Driver/Inc -I../Drivers/CMSIS/Device/ST/STM32F1xx/Include -I../Drivers/CMSIS/Include -O0 -ffunction-sections -fdata-sections -Wall -fstack-usage -MMD -MP -MF"Core/Src/main.d" -MT"Core/Src/main.o" --specs=nano.specs -mfloat-abi=soft -mthumb -o "Core/Src/main.o"
arm-none-eabi-gcc -o "stm32f105SpiFlash.elf" @"objects.list"   -mcpu=cortex-m3 -T"/home/yakup/ProjectWorkspace/th-x-spiFlash/stm32f105SpiFlash/STM32F105VCTX_FLASH.ld" --specs=nosys.specs -Wl,-Map="stm32f105SpiFlash.map" -Wl,--gc-sections -static --specs=nano.specs -mfloat-abi=soft -mthumb -Wl,--start-group -lc -lm -Wl,--end-group
Finished building target: stm32f105SpiFlash.elf
 
arm-none-eabi-size   stm32f105SpiFlash.elf 
arm-none-eabi-objdump -h -S  stm32f105SpiFlash.elf  > "stm32f105SpiFlash.list"
   text	   data	    bss	    dec	    hex	filename
  11716	    620	  11572	  23908	   5d64	stm32f105SpiFlash.elf
Finished building: default.size.stdout
 
Finished building: stm32f105SpiFlash.list
 
16:04:47 **** Incremental Build of configuration Debug for project stm32f105SpiFlash ****
make -j8 all 
arm-none-eabi-gcc "../Core/Src/main.c" -mcpu=cortex-m3 -std=gnu11 -g3 -DDEBUG -DUSE_HAL_DRIVER -DSTM32F105xC -c -I../Core/Inc -I../Drivers/STM32F1xx_HAL_Driver/Inc/Legacy -I../Drivers/STM32F1xx_HAL_Driver/Inc -I../Drivers/CMSIS/Device/ST/STM32F1xx/Include -I../Drivers/CMSIS/Include -O0 -ffunction-sections -fdata-sections -Wall -fstack-usage -MMD -MP -MF"Core/Src/main.d" -MT"Core/Src/main.o" --specs=nano.specs -mfloat-abi=soft -mthumb -o "Core/Src/main.o"
arm-none-eabi-gcc -o "stm32f105SpiFlash.elf" @"objects.list"   -mcpu=cortex-m3 -T"/home/yakup/ProjectWorkspace/th-x-spiFlash/stm32f105SpiFlash/STM32F105VCTX_FLASH.ld" --specs=nosys.specs -Wl,-Map="stm32f105SpiFlash.map" -Wl,--gc-sections -static --specs=nano.specs -mfloat-abi=soft -mthumb -Wl,--start-group -lc -lm -Wl,--end-group
Finished building target: stm32f105SpiFlash.elf
 
arm-none-eabi-size   stm32f105SpiFlash.elf 
arm-none-eabi-objdump -h -S  stm32f105SpiFlash.elf  > "stm32f105SpiFlash.list"
   text	   data	    bss	    dec	    hex	filename
  11724	    620	  11572	  23916	   5d6c	stm32f105SpiFlash.elf
Finished building: default.size.stdout
 
Finished building: stm32f105SpiFlash.list
 
16:04:51 **** Incremental Build of configuration Debug for project stm32f105SpiFlash ****
make -j8 all 
arm-none-eabi-size   stm32f105SpiFlash.elf 
   text	   data	    bss	    dec	    hex	filename
  11724	    620	  11572	  23916	   5d6c	stm32f105SpiFlash.elf
Finished building: default.size.stdout
 
16:10:23 **** Incremental Build of configuration Debug for project stm32f105SpiFlash ****
make -j8 all 
arm-none-eabi-gcc "../Core/Src/main.c" -mcpu=cortex-m3 -std=gnu11 -g3 -DDEBUG -DUSE_HAL_DRIVER -DSTM32F105xC -c -I../Core/Inc -I../Drivers/STM32F1xx_HAL_Driver/Inc/Legacy -I../Drivers/STM32F1xx_HAL_Driver/Inc -I../Drivers/CMSIS/Device/ST/STM32F1xx/Include -I../Drivers/CMSIS/Include -O0 -ffunction-sections -fdata-sections -Wall -fstack-usage -MMD -MP -MF"Core/Src/main.d" -MT"Core/Src/main.o" --specs=nano.specs -mfloat-abi=soft -mthumb -o "Core/Src/main.o"
arm-none-eabi-gcc -o "stm32f105SpiFlash.elf" @"objects.list"   -mcpu=cortex-m3 -T"/home/yakup/ProjectWorkspace/th-x-spiFlash/stm32f105SpiFlash/STM32F105VCTX_FLASH.ld" --specs=nosys.specs -Wl,-Map="stm32f105SpiFlash.map" -Wl,--gc-sections -static --specs=nano.specs -mfloat-abi=soft -mthumb -Wl,--start-group -lc -lm -Wl,--end-group
Finished building target: stm32f105SpiFlash.elf
 
arm-none-eabi-size   stm32f105SpiFlash.elf 
arm-none-eabi-objdump -h -S  stm32f105SpiFlash.elf  > "stm32f105SpiFlash.list"
   text	   data	    bss	    dec	    hex	filename
  11728	    620	  11572	  23920	   5d70	stm32f105SpiFlash.elf
Finished building: default.size.stdout
 
Finished building: stm32f105SpiFlash.list
 
16:12:32 **** Incremental Build of configuration Debug for project stm32f105SpiFlash ****
make -j8 all 
arm-none-eabi-gcc "../Core/Src/main.c" -mcpu=cortex-m3 -std=gnu11 -g3 -DDEBUG -DUSE_HAL_DRIVER -DSTM32F105xC -c -I../Core/Inc -I../Drivers/STM32F1xx_HAL_Driver/Inc/Legacy -I../Drivers/STM32F1xx_HAL_Driver/Inc -I../Drivers/CMSIS/Device/ST/STM32F1xx/Include -I../Drivers/CMSIS/Include -O0 -ffunction-sections -fdata-sections -Wall -fstack-usage -MMD -MP -MF"Core/Src/main.d" -MT"Core/Src/main.o" --specs=nano.specs -mfloat-abi=soft -mthumb -o "Core/Src/main.o"
arm-none-eabi-gcc -o "stm32f105SpiFlash.elf" @"objects.list"   -mcpu=cortex-m3 -T"/home/yakup/ProjectWorkspace/th-x-spiFlash/stm32f105SpiFlash/STM32F105VCTX_FLASH.ld" --specs=nosys.specs -Wl,-Map="stm32f105SpiFlash.map" -Wl,--gc-sections -static --specs=nano.specs -mfloat-abi=soft -mthumb -Wl,--start-group -lc -lm -Wl,--end-group
Finished building target: stm32f105SpiFlash.elf
 
arm-none-eabi-size   stm32f105SpiFlash.elf 
arm-none-eabi-objdump -h -S  stm32f105SpiFlash.elf  > "stm32f105SpiFlash.list"
   text	   data	    bss	    dec	    hex	filename
  11732	    620	  11572	  23924	   5d74	stm32f105SpiFlash.elf
Finished building: default.size.stdout
 
Finished building: stm32f105SpiFlash.list
 
16:12:56 **** Incremental Build of configuration Debug for project stm32f105SpiFlash ****
make -j8 all 
arm-none-eabi-gcc "../Core/Src/main.c" -mcpu=cortex-m3 -std=gnu11 -g3 -DDEBUG -DUSE_HAL_DRIVER -DSTM32F105xC -c -I../Core/Inc -I../Drivers/STM32F1xx_HAL_Driver/Inc/Legacy -I../Drivers/STM32F1xx_HAL_Driver/Inc -I../Drivers/CMSIS/Device/ST/STM32F1xx/Include -I../Drivers/CMSIS/Include -O0 -ffunction-sections -fdata-sections -Wall -fstack-usage -MMD -MP -MF"Core/Src/main.d" -MT"Core/Src/main.o" --specs=nano.specs -mfloat-abi=soft -mthumb -o "Core/Src/main.o"
../Core/Src/main.c: In function 'main':
../Core/Src/main.c:128:43: error: expected ';' before ')' token
  128 |   tempCount = spistruct.bufferCountforTemp)-spistruct.dataCount;
      |                                           ^
      |                                           ;
../Core/Src/main.c:128:43: error: expected statement before ')' token
../Core/Src/main.c:128:44: warning: statement with no effect [-Wunused-value]
  128 |   tempCount = spistruct.bufferCountforTemp)-spistruct.dataCount;
      |                                            ^~~~~~~~~~~~~~~~~~~~
make: *** [Core/Src/subdir.mk:37: Core/Src/main.o] Error 1
"make -j8 all" terminated with exit code 2. Build might be incomplete.
16:13:01 **** Incremental Build of configuration Debug for project stm32f105SpiFlash ****
make -j8 all 
arm-none-eabi-gcc "../Core/Src/main.c" -mcpu=cortex-m3 -std=gnu11 -g3 -DDEBUG -DUSE_HAL_DRIVER -DSTM32F105xC -c -I../Core/Inc -I../Drivers/STM32F1xx_HAL_Driver/Inc/Legacy -I../Drivers/STM32F1xx_HAL_Driver/Inc -I../Drivers/CMSIS/Device/ST/STM32F1xx/Include -I../Drivers/CMSIS/Include -O0 -ffunction-sections -fdata-sections -Wall -fstack-usage -MMD -MP -MF"Core/Src/main.d" -MT"Core/Src/main.o" --specs=nano.specs -mfloat-abi=soft -mthumb -o "Core/Src/main.o"
arm-none-eabi-gcc -o "stm32f105SpiFlash.elf" @"objects.list"   -mcpu=cortex-m3 -T"/home/yakup/ProjectWorkspace/th-x-spiFlash/stm32f105SpiFlash/STM32F105VCTX_FLASH.ld" --specs=nosys.specs -Wl,-Map="stm32f105SpiFlash.map" -Wl,--gc-sections -static --specs=nano.specs -mfloat-abi=soft -mthumb -Wl,--start-group -lc -lm -Wl,--end-group
Finished building target: stm32f105SpiFlash.elf
 
arm-none-eabi-size   stm32f105SpiFlash.elf 
arm-none-eabi-objdump -h -S  stm32f105SpiFlash.elf  > "stm32f105SpiFlash.list"
   text	   data	    bss	    dec	    hex	filename
  11744	    620	  11572	  23936	   5d80	stm32f105SpiFlash.elf
Finished building: default.size.stdout
 
Finished building: stm32f105SpiFlash.list
 
16:13:08 **** Incremental Build of configuration Debug for project stm32f105SpiFlash ****
make -j8 all 
arm-none-eabi-size   stm32f105SpiFlash.elf 
   text	   data	    bss	    dec	    hex	filename
  11744	    620	  11572	  23936	   5d80	stm32f105SpiFlash.elf
Finished building: default.size.stdout
 
16:14:01 **** Incremental Build of configuration Debug for project stm32f105SpiFlash ****
make -j8 all 
arm-none-eabi-gcc "../Core/Src/main.c" -mcpu=cortex-m3 -std=gnu11 -g3 -DDEBUG -DUSE_HAL_DRIVER -DSTM32F105xC -c -I../Core/Inc -I../Drivers/STM32F1xx_HAL_Driver/Inc/Legacy -I../Drivers/STM32F1xx_HAL_Driver/Inc -I../Drivers/CMSIS/Device/ST/STM32F1xx/Include -I../Drivers/CMSIS/Include -O0 -ffunction-sections -fdata-sections -Wall -fstack-usage -MMD -MP -MF"Core/Src/main.d" -MT"Core/Src/main.o" --specs=nano.specs -mfloat-abi=soft -mthumb -o "Core/Src/main.o"
arm-none-eabi-gcc -o "stm32f105SpiFlash.elf" @"objects.list"   -mcpu=cortex-m3 -T"/home/yakup/ProjectWorkspace/th-x-spiFlash/stm32f105SpiFlash/STM32F105VCTX_FLASH.ld" --specs=nosys.specs -Wl,-Map="stm32f105SpiFlash.map" -Wl,--gc-sections -static --specs=nano.specs -mfloat-abi=soft -mthumb -Wl,--start-group -lc -lm -Wl,--end-group
Finished building target: stm32f105SpiFlash.elf
 
arm-none-eabi-size   stm32f105SpiFlash.elf 
arm-none-eabi-objdump -h -S  stm32f105SpiFlash.elf  > "stm32f105SpiFlash.list"
   text	   data	    bss	    dec	    hex	filename
  11736	    620	  11572	  23928	   5d78	stm32f105SpiFlash.elf
Finished building: default.size.stdout
 
Finished building: stm32f105SpiFlash.list
 
16:14:06 **** Incremental Build of configuration Debug for project stm32f105SpiFlash ****
make -j8 all 
arm-none-eabi-size   stm32f105SpiFlash.elf 
   text	   data	    bss	    dec	    hex	filename
  11736	    620	  11572	  23928	   5d78	stm32f105SpiFlash.elf
Finished building: default.size.stdout
 
16:15:13 **** Incremental Build of configuration Debug for project stm32f105SpiFlash ****
make -j8 all 
arm-none-eabi-gcc "../Core/Src/main.c" -mcpu=cortex-m3 -std=gnu11 -g3 -DDEBUG -DUSE_HAL_DRIVER -DSTM32F105xC -c -I../Core/Inc -I../Drivers/STM32F1xx_HAL_Driver/Inc/Legacy -I../Drivers/STM32F1xx_HAL_Driver/Inc -I../Drivers/CMSIS/Device/ST/STM32F1xx/Include -I../Drivers/CMSIS/Include -O0 -ffunction-sections -fdata-sections -Wall -fstack-usage -MMD -MP -MF"Core/Src/main.d" -MT"Core/Src/main.o" --specs=nano.specs -mfloat-abi=soft -mthumb -o "Core/Src/main.o"
arm-none-eabi-gcc -o "stm32f105SpiFlash.elf" @"objects.list"   -mcpu=cortex-m3 -T"/home/yakup/ProjectWorkspace/th-x-spiFlash/stm32f105SpiFlash/STM32F105VCTX_FLASH.ld" --specs=nosys.specs -Wl,-Map="stm32f105SpiFlash.map" -Wl,--gc-sections -static --specs=nano.specs -mfloat-abi=soft -mthumb -Wl,--start-group -lc -lm -Wl,--end-group
Finished building target: stm32f105SpiFlash.elf
 
arm-none-eabi-size   stm32f105SpiFlash.elf 
arm-none-eabi-objdump -h -S  stm32f105SpiFlash.elf  > "stm32f105SpiFlash.list"
   text	   data	    bss	    dec	    hex	filename
  11736	    620	  11572	  23928	   5d78	stm32f105SpiFlash.elf
Finished building: default.size.stdout
 
Finished building: stm32f105SpiFlash.list
 
16:15:22 **** Incremental Build of configuration Debug for project stm32f105SpiFlash ****
make -j8 all 
arm-none-eabi-size   stm32f105SpiFlash.elf 
   text	   data	    bss	    dec	    hex	filename
  11736	    620	  11572	  23928	   5d78	stm32f105SpiFlash.elf
Finished building: default.size.stdout
 
16:21:21 **** Incremental Build of configuration Debug for project stm32f105SpiFlash ****
make -j8 all 
arm-none-eabi-gcc "../Core/Src/main.c" -mcpu=cortex-m3 -std=gnu11 -g3 -DDEBUG -DUSE_HAL_DRIVER -DSTM32F105xC -c -I../Core/Inc -I../Drivers/STM32F1xx_HAL_Driver/Inc/Legacy -I../Drivers/STM32F1xx_HAL_Driver/Inc -I../Drivers/CMSIS/Device/ST/STM32F1xx/Include -I../Drivers/CMSIS/Include -O0 -ffunction-sections -fdata-sections -Wall -fstack-usage -MMD -MP -MF"Core/Src/main.d" -MT"Core/Src/main.o" --specs=nano.specs -mfloat-abi=soft -mthumb -o "Core/Src/main.o"
arm-none-eabi-gcc -o "stm32f105SpiFlash.elf" @"objects.list"   -mcpu=cortex-m3 -T"/home/yakup/ProjectWorkspace/th-x-spiFlash/stm32f105SpiFlash/STM32F105VCTX_FLASH.ld" --specs=nosys.specs -Wl,-Map="stm32f105SpiFlash.map" -Wl,--gc-sections -static --specs=nano.specs -mfloat-abi=soft -mthumb -Wl,--start-group -lc -lm -Wl,--end-group
Finished building target: stm32f105SpiFlash.elf
 
arm-none-eabi-size   stm32f105SpiFlash.elf 
arm-none-eabi-objdump -h -S  stm32f105SpiFlash.elf  > "stm32f105SpiFlash.list"
   text	   data	    bss	    dec	    hex	filename
  11768	    620	  11572	  23960	   5d98	stm32f105SpiFlash.elf
Finished building: default.size.stdout
 
Finished building: stm32f105SpiFlash.list
 
16:21:29 **** Incremental Build of configuration Debug for project stm32f105SpiFlash ****
make -j8 all 
arm-none-eabi-size   stm32f105SpiFlash.elf 
   text	   data	    bss	    dec	    hex	filename
  11768	    620	  11572	  23960	   5d98	stm32f105SpiFlash.elf
Finished building: default.size.stdout
 
16:21:44 **** Incremental Build of configuration Debug for project stm32f105SpiFlash ****
make -j8 all 
arm-none-eabi-gcc "../Core/Src/main.c" -mcpu=cortex-m3 -std=gnu11 -g3 -DDEBUG -DUSE_HAL_DRIVER -DSTM32F105xC -c -I../Core/Inc -I../Drivers/STM32F1xx_HAL_Driver/Inc/Legacy -I../Drivers/STM32F1xx_HAL_Driver/Inc -I../Drivers/CMSIS/Device/ST/STM32F1xx/Include -I../Drivers/CMSIS/Include -O0 -ffunction-sections -fdata-sections -Wall -fstack-usage -MMD -MP -MF"Core/Src/main.d" -MT"Core/Src/main.o" --specs=nano.specs -mfloat-abi=soft -mthumb -o "Core/Src/main.o"
../Core/Src/main.c: In function 'main':
../Core/Src/main.c:128:44: error: 'flashSpi_t' has no member named 'bufferCountforTemp'; did you mean 'bufferCountTemp'?
  128 |   memcpy(temproryBuffer,&buffer1[spistruct.bufferCountforTemp-spistruct.dataCount],spistruct.dataCount*sizeof(uint8_t));
      |                                            ^~~~~~~~~~~~~~~~~~
      |                                            bufferCountTemp
make: *** [Core/Src/subdir.mk:37: Core/Src/main.o] Error 1
"make -j8 all" terminated with exit code 2. Build might be incomplete.
16:21:54 **** Incremental Build of configuration Debug for project stm32f105SpiFlash ****
make -j8 all 
arm-none-eabi-gcc "../Core/Src/main.c" -mcpu=cortex-m3 -std=gnu11 -g3 -DDEBUG -DUSE_HAL_DRIVER -DSTM32F105xC -c -I../Core/Inc -I../Drivers/STM32F1xx_HAL_Driver/Inc/Legacy -I../Drivers/STM32F1xx_HAL_Driver/Inc -I../Drivers/CMSIS/Device/ST/STM32F1xx/Include -I../Drivers/CMSIS/Include -O0 -ffunction-sections -fdata-sections -Wall -fstack-usage -MMD -MP -MF"Core/Src/main.d" -MT"Core/Src/main.o" --specs=nano.specs -mfloat-abi=soft -mthumb -o "Core/Src/main.o"
arm-none-eabi-gcc -o "stm32f105SpiFlash.elf" @"objects.list"   -mcpu=cortex-m3 -T"/home/yakup/ProjectWorkspace/th-x-spiFlash/stm32f105SpiFlash/STM32F105VCTX_FLASH.ld" --specs=nosys.specs -Wl,-Map="stm32f105SpiFlash.map" -Wl,--gc-sections -static --specs=nano.specs -mfloat-abi=soft -mthumb -Wl,--start-group -lc -lm -Wl,--end-group
Finished building target: stm32f105SpiFlash.elf
 
arm-none-eabi-size   stm32f105SpiFlash.elf 
arm-none-eabi-objdump -h -S  stm32f105SpiFlash.elf  > "stm32f105SpiFlash.list"
   text	   data	    bss	    dec	    hex	filename
  11768	    620	  11572	  23960	   5d98	stm32f105SpiFlash.elf
Finished building: default.size.stdout
 
Finished building: stm32f105SpiFlash.list
 
16:22:00 **** Incremental Build of configuration Debug for project stm32f105SpiFlash ****
make -j8 all 
arm-none-eabi-size   stm32f105SpiFlash.elf 
   text	   data	    bss	    dec	    hex	filename
  11768	    620	  11572	  23960	   5d98	stm32f105SpiFlash.elf
Finished building: default.size.stdout
 
16:24:19 **** Incremental Build of configuration Debug for project stm32f105SpiFlash ****
make -j8 all 
arm-none-eabi-gcc "../Core/Src/main.c" -mcpu=cortex-m3 -std=gnu11 -g3 -DDEBUG -DUSE_HAL_DRIVER -DSTM32F105xC -c -I../Core/Inc -I../Drivers/STM32F1xx_HAL_Driver/Inc/Legacy -I../Drivers/STM32F1xx_HAL_Driver/Inc -I../Drivers/CMSIS/Device/ST/STM32F1xx/Include -I../Drivers/CMSIS/Include -O0 -ffunction-sections -fdata-sections -Wall -fstack-usage -MMD -MP -MF"Core/Src/main.d" -MT"Core/Src/main.o" --specs=nano.specs -mfloat-abi=soft -mthumb -o "Core/Src/main.o"
arm-none-eabi-gcc -o "stm32f105SpiFlash.elf" @"objects.list"   -mcpu=cortex-m3 -T"/home/yakup/ProjectWorkspace/th-x-spiFlash/stm32f105SpiFlash/STM32F105VCTX_FLASH.ld" --specs=nosys.specs -Wl,-Map="stm32f105SpiFlash.map" -Wl,--gc-sections -static --specs=nano.specs -mfloat-abi=soft -mthumb -Wl,--start-group -lc -lm -Wl,--end-group
Finished building target: stm32f105SpiFlash.elf
 
arm-none-eabi-size   stm32f105SpiFlash.elf 
arm-none-eabi-objdump -h -S  stm32f105SpiFlash.elf  > "stm32f105SpiFlash.list"
   text	   data	    bss	    dec	    hex	filename
  11800	    620	  11572	  23992	   5db8	stm32f105SpiFlash.elf
Finished building: default.size.stdout
 
Finished building: stm32f105SpiFlash.list
 
16:25:02 **** Incremental Build of configuration Debug for project stm32f105SpiFlash ****
make -j8 all 
arm-none-eabi-gcc "../Core/Src/main.c" -mcpu=cortex-m3 -std=gnu11 -g3 -DDEBUG -DUSE_HAL_DRIVER -DSTM32F105xC -c -I../Core/Inc -I../Drivers/STM32F1xx_HAL_Driver/Inc/Legacy -I../Drivers/STM32F1xx_HAL_Driver/Inc -I../Drivers/CMSIS/Device/ST/STM32F1xx/Include -I../Drivers/CMSIS/Include -O0 -ffunction-sections -fdata-sections -Wall -fstack-usage -MMD -MP -MF"Core/Src/main.d" -MT"Core/Src/main.o" --specs=nano.specs -mfloat-abi=soft -mthumb -o "Core/Src/main.o"
[...]
  14904	    120	  27448	  42472	   a5e8	stm32f105SpiFlash.elf
Finished building: default.size.stdout
 
15:55:01 **** Incremental Build of configuration Debug for project stm32f105SpiFlash ****
make -j8 all 
arm-none-eabi-size   stm32f105SpiFlash.elf 
   text	   data	    bss	    dec	    hex	filename
  14904	    120	  27448	  42472	   a5e8	stm32f105SpiFlash.elf
Finished building: default.size.stdout
 
15:55:39 **** Incremental Build of configuration Debug for project stm32f105SpiFlash ****
make -j8 all 
arm-none-eabi-size   stm32f105SpiFlash.elf 
   text	   data	    bss	    dec	    hex	filename
  14904	    120	  27448	  42472	   a5e8	stm32f105SpiFlash.elf
Finished building: default.size.stdout
 
15:57:09 **** Incremental Build of configuration Debug for project stm32f105SpiFlash ****
make -j8 all 
arm-none-eabi-gcc "../Core/Src/main.c" -mcpu=cortex-m3 -std=gnu11 -g3 -DDEBUG -DUSE_HAL_DRIVER -DSTM32F105xC -c -I../Core/Inc -I../Drivers/STM32F1xx_HAL_Driver/Inc/Legacy -I../Drivers/STM32F1xx_HAL_Driver/Inc -I../Drivers/CMSIS/Device/ST/STM32F1xx/Include -I../Drivers/CMSIS/Include -O0 -ffunction-sections -fdata-sections -Wall -fstack-usage -MMD -MP -MF"Core/Src/main.d" -MT"Core/Src/main.o" --specs=nano.specs -mfloat-abi=soft -mthumb -o "Core/Src/main.o"
arm-none-eabi-gcc -o "stm32f105SpiFlash.elf" @"objects.list"   -mcpu=cortex-m3 -T"/home/yakup/ProjectWorkspace/th-x-spiFlash/stm32f105SpiFlash/STM32F105VCTX_FLASH.ld" --specs=nosys.specs -Wl,-Map="stm32f105SpiFlash.map" -Wl,--gc-sections -static --specs=nano.specs -mfloat-abi=soft -mthumb -Wl,--start-group -lc -lm -Wl,--end-group
Finished building target: stm32f105SpiFlash.elf
 
arm-none-eabi-size   stm32f105SpiFlash.elf 
arm-none-eabi-objdump -h -S  stm32f105SpiFlash.elf  > "stm32f105SpiFlash.list"
   text	   data	    bss	    dec	    hex	filename
  16332	    720	  27448	  44500	   add4	stm32f105SpiFlash.elf
Finished building: default.size.stdout
 
Finished building: stm32f105SpiFlash.list
 
16:01:26 **** Incremental Build of configuration Debug for project stm32f105SpiFlash ****
make -j8 all 
arm-none-eabi-gcc "../Core/Src/main.c" -mcpu=cortex-m3 -std=gnu11 -g3 -DDEBUG -DUSE_HAL_DRIVER -DSTM32F105xC -c -I../Core/Inc -I../Drivers/STM32F1xx_HAL_Driver/Inc/Legacy -I../Drivers/STM32F1xx_HAL_Driver/Inc -I../Drivers/CMSIS/Device/ST/STM32F1xx/Include -I../Drivers/CMSIS/Include -O0 -ffunction-sections -fdata-sections -Wall -fstack-usage -MMD -MP -MF"Core/Src/main.d" -MT"Core/Src/main.o" --specs=nano.specs -mfloat-abi=soft -mthumb -o "Core/Src/main.o"
arm-none-eabi-gcc -o "stm32f105SpiFlash.elf" @"objects.list"   -mcpu=cortex-m3 -T"/home/yakup/ProjectWorkspace/th-x-spiFlash/stm32f105SpiFlash/STM32F105VCTX_FLASH.ld" --specs=nosys.specs -Wl,-Map="stm32f105SpiFlash.map" -Wl,--gc-sections -static --specs=nano.specs -mfloat-abi=soft -mthumb -Wl,--start-group -lc -lm -Wl,--end-group
Finished building target: stm32f105SpiFlash.elf
 
arm-none-eabi-size   stm32f105SpiFlash.elf 
arm-none-eabi-objdump -h -S  stm32f105SpiFlash.elf  > "stm32f105SpiFlash.list"
   text	   data	    bss	    dec	    hex	filename
  16332	    720	  27448	  44500	   add4	stm32f105SpiFlash.elf
Finished building: default.size.stdout
 
Finished building: stm32f105SpiFlash.list
 
16:10:38 **** Incremental Build of configuration Debug for project stm32f105SpiFlash ****
make -j8 all 
arm-none-eabi-gcc "../Core/Src/w25qxx.c" -mcpu=cortex-m3 -std=gnu11 -g3 -DDEBUG -DUSE_HAL_DRIVER -DSTM32F105xC -c -I../Core/Inc -I../Drivers/STM32F1xx_HAL_Driver/Inc/Legacy -I../Drivers/STM32F1xx_HAL_Driver/Inc -I../Drivers/CMSIS/Device/ST/STM32F1xx/Include -I../Drivers/CMSIS/Include -O0 -ffunction-sections -fdata-sections -Wall -fstack-usage -MMD -MP -MF"Core/Src/w25qxx.d" -MT"Core/Src/w25qxx.o" --specs=nano.specs -mfloat-abi=soft -mthumb -o "Core/Src/w25qxx.o"
../Core/Src/w25qxx.c: In function 'W25qxx_Write':
../Core/Src/w25qxx.c:987:2: warning: implicit declaration of function 'printmsg'; did you mean 'printf'? [-Wimplicit-function-declaration]
  987 |  printmsg("---%ld\r\n",spistruct.writeOffset);
      |  ^~~~~~~~
      |  printf
../Core/Src/w25qxx.c: In function 'W25qxx_Read':
../Core/Src/w25qxx.c:1011:16: warning: pointer targets in passing argument 1 of 'strstr' differ in signedness [-Wpointer-sign]
 1011 |   ret = strstr(buffer,"\r\n");
      |                ^~~~~~
      |                |
      |                uint8_t * {aka unsigned char *}
In file included from ../Core/Inc/w25qxx.h:41,
                 from ../Core/Src/w25qxx.c:3:
/opt/st/stm32cubeide_1.11.2/plugins/com.st.stm32cube.ide.mcu.externaltools.gnu-tools-for-stm32.10.3-2021.10.linux64_1.0.100.202210260954/tools/arm-none-eabi/include/string.h:48:16: note: expected 'const char *' but argument is of type 'uint8_t *' {aka 'unsigned char *'}
   48 | char  *strstr (const char *, const char *);
      |                ^~~~~~~~~~~~
../Core/Src/w25qxx.c:1011:7: warning: pointer targets in assignment from 'char *' to 'uint8_t *' {aka 'unsigned char *'} differ in signedness [-Wpointer-sign]
 1011 |   ret = strstr(buffer,"\r\n");
      |       ^
../Core/Src/w25qxx.c:1029:18: warning: pointer targets in passing argument 1 of 'strstr' differ in signedness [-Wpointer-sign]
 1029 |     ret = strstr(buffer,"\r\n");
      |                  ^~~~~~
      |                  |
      |                  uint8_t * {aka unsigned char *}
In file included from ../Core/Inc/w25qxx.h:41,
                 from ../Core/Src/w25qxx.c:3:
/opt/st/stm32cubeide_1.11.2/plugins/com.st.stm32cube.ide.mcu.externaltools.gnu-tools-for-stm32.10.3-2021.10.linux64_1.0.100.202210260954/tools/arm-none-eabi/include/string.h:48:16: note: expected 'const char *' but argument is of type 'uint8_t *' {aka 'unsigned char *'}
   48 | char  *strstr (const char *, const char *);
      |                ^~~~~~~~~~~~
../Core/Src/w25qxx.c:1029:9: warning: pointer targets in assignment from 'char *' to 'uint8_t *' {aka 'unsigned char *'} differ in signedness [-Wpointer-sign]
 1029 |     ret = strstr(buffer,"\r\n");
      |         ^
arm-none-eabi-gcc -o "stm32f105SpiFlash.elf" @"objects.list"   -mcpu=cortex-m3 -T"/home/yakup/ProjectWorkspace/th-x-spiFlash/stm32f105SpiFlash/STM32F105VCTX_FLASH.ld" --specs=nosys.specs -Wl,-Map="stm32f105SpiFlash.map" -Wl,--gc-sections -static --specs=nano.specs -mfloat-abi=soft -mthumb -Wl,--start-group -lc -lm -Wl,--end-group
Finished building target: stm32f105SpiFlash.elf
 
arm-none-eabi-size   stm32f105SpiFlash.elf 
arm-none-eabi-objdump -h -S  stm32f105SpiFlash.elf  > "stm32f105SpiFlash.list"
   text	   data	    bss	    dec	    hex	filename
  16328	    720	  27448	  44496	   add0	stm32f105SpiFlash.elf
Finished building: default.size.stdout
 
Finished building: stm32f105SpiFlash.list
 
16:19:19 **** Incremental Build of configuration Debug for project stm32f105SpiFlash ****
make -j8 all 
arm-none-eabi-gcc "../Core/Src/main.c" -mcpu=cortex-m3 -std=gnu11 -g3 -DDEBUG -DUSE_HAL_DRIVER -DSTM32F105xC -c -I../Core/Inc -I../Drivers/STM32F1xx_HAL_Driver/Inc/Legacy -I../Drivers/STM32F1xx_HAL_Driver/Inc -I../Drivers/CMSIS/Device/ST/STM32F1xx/Include -I../Drivers/CMSIS/Include -O0 -ffunction-sections -fdata-sections -Wall -fstack-usage -MMD -MP -MF"Core/Src/main.d" -MT"Core/Src/main.o" --specs=nano.specs -mfloat-abi=soft -mthumb -o "Core/Src/main.o"
arm-none-eabi-gcc -o "stm32f105SpiFlash.elf" @"objects.list"   -mcpu=cortex-m3 -T"/home/yakup/ProjectWorkspace/th-x-spiFlash/stm32f105SpiFlash/STM32F105VCTX_FLASH.ld" --specs=nosys.specs -Wl,-Map="stm32f105SpiFlash.map" -Wl,--gc-sections -static --specs=nano.specs -mfloat-abi=soft -mthumb -Wl,--start-group -lc -lm -Wl,--end-group
Finished building target: stm32f105SpiFlash.elf
 
arm-none-eabi-size   stm32f105SpiFlash.elf 
arm-none-eabi-objdump -h -S  stm32f105SpiFlash.elf  > "stm32f105SpiFlash.list"
   text	   data	    bss	    dec	    hex	filename
  16328	    720	  27448	  44496	   add0	stm32f105SpiFlash.elf
Finished building: default.size.stdout
 
Finished building: stm32f105SpiFlash.list
 
17:23:56 **** Incremental Build of configuration Debug for project stm32f105SpiFlash ****
make -j8 all 
arm-none-eabi-gcc "../Core/Src/main.c" -mcpu=cortex-m3 -std=gnu11 -g3 -DDEBUG -DUSE_HAL_DRIVER -DSTM32F105xC -c -I../Core/Inc -I../Drivers/STM32F1xx_HAL_Driver/Inc/Legacy -I../Drivers/STM32F1xx_HAL_Driver/Inc -I../Drivers/CMSIS/Device/ST/STM32F1xx/Include -I../Drivers/CMSIS/Include -O0 -ffunction-sections -fdata-sections -Wall -fstack-usage -MMD -MP -MF"Core/Src/main.d" -MT"Core/Src/main.o" --specs=nano.specs -mfloat-abi=soft -mthumb -o "Core/Src/main.o"
arm-none-eabi-gcc "../Core/Src/w25qxx.c" -mcpu=cortex-m3 -std=gnu11 -g3 -DDEBUG -DUSE_HAL_DRIVER -DSTM32F105xC -c -I../Core/Inc -I../Drivers/STM32F1xx_HAL_Driver/Inc/Legacy -I../Drivers/STM32F1xx_HAL_Driver/Inc -I../Drivers/CMSIS/Device/ST/STM32F1xx/Include -I../Drivers/CMSIS/Include -O0 -ffunction-sections -fdata-sections -Wall -fstack-usage -MMD -MP -MF"Core/Src/w25qxx.d" -MT"Core/Src/w25qxx.o" --specs=nano.specs -mfloat-abi=soft -mthumb -o "Core/Src/w25qxx.o"
../Core/Src/w25qxx.c: In function 'W25qxx_Write':
../Core/Src/w25qxx.c:987:2: warning: implicit declaration of function 'printmsg'; did you mean 'printf'? [-Wimplicit-function-declaration]
  987 |  printmsg("---%ld\r\n",spistruct.writeOffset);
      |  ^~~~~~~~
      |  printf
../Core/Src/w25qxx.c: In function 'W25qxx_Read':
../Core/Src/w25qxx.c:1011:16: warning: pointer targets in passing argument 1 of 'strstr' differ in signedness [-Wpointer-sign]
 1011 |   ret = strstr(buffer,"\r\n");
      |                ^~~~~~
      |                |
      |                uint8_t * {aka unsigned char *}
In file included from ../Core/Inc/w25qxx.h:41,
                 from ../Core/Src/w25qxx.c:3:
/opt/st/stm32cubeide_1.11.2/plugins/com.st.stm32cube.ide.mcu.externaltools.gnu-tools-for-stm32.10.3-2021.10.linux64_1.0.100.202210260954/tools/arm-none-eabi/include/string.h:48:16: note: expected 'const char *' but argument is of type 'uint8_t *' {aka 'unsigned char *'}
   48 | char  *strstr (const char *, const char *);
      |                ^~~~~~~~~~~~
../Core/Src/w25qxx.c:1011:7: warning: pointer targets in assignment from 'char *' to 'uint8_t *' {aka 'unsigned char *'} differ in signedness [-Wpointer-sign]
 1011 |   ret = strstr(buffer,"\r\n");
      |       ^
../Core/Src/w25qxx.c:1029:18: warning: pointer targets in passing argument 1 of 'strstr' differ in signedness [-Wpointer-sign]
 1029 |     ret = strstr(buffer,"\r\n");
      |                  ^~~~~~
      |                  |
      |                  uint8_t * {aka unsigned char *}
In file included from ../Core/Inc/w25qxx.h:41,
                 from ../Core/Src/w25qxx.c:3:
/opt/st/stm32cubeide_1.11.2/plugins/com.st.stm32cube.ide.mcu.externaltools.gnu-tools-for-stm32.10.3-2021.10.linux64_1.0.100.202210260954/tools/arm-none-eabi/include/string.h:48:16: note: expected 'const char *' but argument is of type 'uint8_t *' {aka 'unsigned char *'}
   48 | char  *strstr (const char *, const char *);
      |                ^~~~~~~~~~~~
../Core/Src/w25qxx.c:1029:9: warning: pointer targets in assignment from 'char *' to 'uint8_t *' {aka 'unsigned char *'} differ in signedness [-Wpointer-sign]
 1029 |     ret = strstr(buffer,"\r\n");
      |         ^
arm-none-eabi-gcc -o "stm32f105SpiFlash.elf" @"objects.list"   -mcpu=cortex-m3 -T"/home/yakup/ProjectWorkspace/th-x-spiFlash/stm32f105SpiFlash/STM32F105VCTX_FLASH.ld" --specs=nosys.specs -Wl,-Map="stm32f105SpiFlash.map" -Wl,--gc-sections -static --specs=nano.specs -mfloat-abi=soft -mthumb -Wl,--start-group -lc -lm -Wl,--end-group
Finished building target: stm32f105SpiFlash.elf
 
arm-none-eabi-size   stm32f105SpiFlash.elf 
arm-none-eabi-objdump -h -S  stm32f105SpiFlash.elf  > "stm32f105SpiFlash.list"
   text	   data	    bss	    dec	    hex	filename
  14904	    120	  27448	  42472	   a5e8	stm32f105SpiFlash.elf
Finished building: default.size.stdout
 
Finished building: stm32f105SpiFlash.list
 
17:24:03 **** Incremental Build of configuration Debug for project stm32f105SpiFlash ****
make -j8 all 
arm-none-eabi-size   stm32f105SpiFlash.elf 
   text	   data	    bss	    dec	    hex	filename
  14904	    120	  27448	  42472	   a5e8	stm32f105SpiFlash.elf
Finished building: default.size.stdout
 
17:25:36 **** Incremental Build of configuration Debug for project stm32f105SpiFlash ****
make -j8 all 
arm-none-eabi-gcc "../Core/Src/main.c" -mcpu=cortex-m3 -std=gnu11 -g3 -DDEBUG -DUSE_HAL_DRIVER -DSTM32F105xC -c -I../Core/Inc -I../Drivers/STM32F1xx_HAL_Driver/Inc/Legacy -I../Drivers/STM32F1xx_HAL_Driver/Inc -I../Drivers/CMSIS/Device/ST/STM32F1xx/Include -I../Drivers/CMSIS/Include -O0 -ffunction-sections -fdata-sections -Wall -fstack-usage -MMD -MP -MF"Core/Src/main.d" -MT"Core/Src/main.o" --specs=nano.specs -mfloat-abi=soft -mthumb -o "Core/Src/main.o"
arm-none-eabi-gcc "../Core/Src/w25qxx.c" -mcpu=cortex-m3 -std=gnu11 -g3 -DDEBUG -DUSE_HAL_DRIVER -DSTM32F105xC -c -I../Core/Inc -I../Drivers/STM32F1xx_HAL_Driver/Inc/Legacy -I../Drivers/STM32F1xx_HAL_Driver/Inc -I../Drivers/CMSIS/Device/ST/STM32F1xx/Include -I../Drivers/CMSIS/Include -O0 -ffunction-sections -fdata-sections -Wall -fstack-usage -MMD -MP -MF"Core/Src/w25qxx.d" -MT"Core/Src/w25qxx.o" --specs=nano.specs -mfloat-abi=soft -mthumb -o "Core/Src/w25qxx.o"
../Core/Src/w25qxx.c: In function 'W25qxx_Write':
../Core/Src/w25qxx.c:987:2: warning: implicit declaration of function 'printmsg'; did you mean 'printf'? [-Wimplicit-function-declaration]
  987 |  printmsg("---%ld\r\n",spistruct.writeOffset);
      |  ^~~~~~~~
      |  printf
../Core/Src/w25qxx.c: In function 'W25qxx_Read':
../Core/Src/w25qxx.c:1011:16: warning: pointer targets in passing argument 1 of 'strstr' differ in signedness [-Wpointer-sign]
 1011 |   ret = strstr(buffer,"\r\n");
      |                ^~~~~~
      |                |
      |                uint8_t * {aka unsigned char *}
In file included from ../Core/Inc/w25qxx.h:41,
                 from ../Core/Src/w25qxx.c:3:
/opt/st/stm32cubeide_1.11.2/plugins/com.st.stm32cube.ide.mcu.externaltools.gnu-tools-for-stm32.10.3-2021.10.linux64_1.0.100.202210260954/tools/arm-none-eabi/include/string.h:48:16: note: expected 'const char *' but argument is of type 'uint8_t *' {aka 'unsigned char *'}
   48 | char  *strstr (const char *, const char *);
      |                ^~~~~~~~~~~~
../Core/Src/w25qxx.c:1011:7: warning: pointer targets in assignment from 'char *' to 'uint8_t *' {aka 'unsigned char *'} differ in signedness [-Wpointer-sign]
 1011 |   ret = strstr(buffer,"\r\n");
      |       ^
../Core/Src/w25qxx.c:1029:18: warning: pointer targets in passing argument 1 of 'strstr' differ in signedness [-Wpointer-sign]
 1029 |     ret = strstr(buffer,"\r\n");
      |                  ^~~~~~
      |                  |
      |                  uint8_t * {aka unsigned char *}
In file included from ../Core/Inc/w25qxx.h:41,
                 from ../Core/Src/w25qxx.c:3:
/opt/st/stm32cubeide_1.11.2/plugins/com.st.stm32cube.ide.mcu.externaltools.gnu-tools-for-stm32.10.3-2021.10.linux64_1.0.100.202210260954/tools/arm-none-eabi/include/string.h:48:16: note: expected 'const char *' but argument is of type 'uint8_t *' {aka 'unsigned char *'}
   48 | char  *strstr (const char *, const char *);
      |                ^~~~~~~~~~~~
../Core/Src/w25qxx.c:1029:9: warning: pointer targets in assignment from 'char *' to 'uint8_t *' {aka 'unsigned char *'} differ in signedness [-Wpointer-sign]
 1029 |     ret = strstr(buffer,"\r\n");
      |         ^
arm-none-eabi-gcc -o "stm32f105SpiFlash.elf" @"objects.list"   -mcpu=cortex-m3 -T"/home/yakup/ProjectWorkspace/th-x-spiFlash/stm32f105SpiFlash/STM32F105VCTX_FLASH.ld" --specs=nosys.specs -Wl,-Map="stm32f105SpiFlash.map" -Wl,--gc-sections -static --specs=nano.specs -mfloat-abi=soft -mthumb -Wl,--start-group -lc -lm -Wl,--end-group
Finished building target: stm32f105SpiFlash.elf
 
arm-none-eabi-size   stm32f105SpiFlash.elf 
arm-none-eabi-objdump -h -S  stm32f105SpiFlash.elf  > "stm32f105SpiFlash.list"
   text	   data	    bss	    dec	    hex	filename
  14896	    120	  27448	  42464	   a5e0	stm32f105SpiFlash.elf
Finished building: default.size.stdout
 
Finished building: stm32f105SpiFlash.list
 
17:25:41 **** Incremental Build of configuration Debug for project stm32f105SpiFlash ****
make -j8 all 
arm-none-eabi-size   stm32f105SpiFlash.elf 
   text	   data	    bss	    dec	    hex	filename
  14896	    120	  27448	  42464	   a5e0	stm32f105SpiFlash.elf
Finished building: default.size.stdout
 
18:01:21 **** Incremental Build of configuration Debug for project stm32f105SpiFlash ****
make -j8 all 
arm-none-eabi-gcc "../Core/Src/w25qxx.c" -mcpu=cortex-m3 -std=gnu11 -g3 -DDEBUG -DUSE_HAL_DRIVER -DSTM32F105xC -c -I../Core/Inc -I../Drivers/STM32F1xx_HAL_Driver/Inc/Legacy -I../Drivers/STM32F1xx_HAL_Driver/Inc -I../Drivers/CMSIS/Device/ST/STM32F1xx/Include -I../Drivers/CMSIS/Include -O0 -ffunction-sections -fdata-sections -Wall -fstack-usage -MMD -MP -MF"Core/Src/w25qxx.d" -MT"Core/Src/w25qxx.o" --specs=nano.specs -mfloat-abi=soft -mthumb -o "Core/Src/w25qxx.o"
../Core/Src/w25qxx.c: In function 'W25qxx_Write':
../Core/Src/w25qxx.c:987:2: warning: implicit declaration of function 'printmsg'; did you mean 'printf'? [-Wimplicit-function-declaration]
  987 |  printmsg("---%ld\r\n",spistruct.writeOffset);
      |  ^~~~~~~~
      |  printf
../Core/Src/w25qxx.c: In function 'W25qxx_Read':
../Core/Src/w25qxx.c:1011:16: warning: pointer targets in passing argument 1 of 'strstr' differ in signedness [-Wpointer-sign]
 1011 |   ret = strstr(buffer,"\r\n");
      |                ^~~~~~
      |                |
      |                uint8_t * {aka unsigned char *}
In file included from ../Core/Inc/w25qxx.h:41,
                 from ../Core/Src/w25qxx.c:3:
/opt/st/stm32cubeide_1.11.2/plugins/com.st.stm32cube.ide.mcu.externaltools.gnu-tools-for-stm32.10.3-2021.10.linux64_1.0.100.202210260954/tools/arm-none-eabi/include/string.h:48:16: note: expected 'const char *' but argument is of type 'uint8_t *' {aka 'unsigned char *'}
   48 | char  *strstr (const char *, const char *);
      |                ^~~~~~~~~~~~
../Core/Src/w25qxx.c:1011:7: warning: pointer targets in assignment from 'char *' to 'uint8_t *' {aka 'unsigned char *'} differ in signedness [-Wpointer-sign]
 1011 |   ret = strstr(buffer,"\r\n");
      |       ^
../Core/Src/w25qxx.c:1029:18: warning: pointer targets in passing argument 1 of 'strstr' differ in signedness [-Wpointer-sign]
 1029 |     ret = strstr(buffer,"\r\n");
      |                  ^~~~~~
      |                  |
      |                  uint8_t * {aka unsigned char *}
In file included from ../Core/Inc/w25qxx.h:41,
                 from ../Core/Src/w25qxx.c:3:
/opt/st/stm32cubeide_1.11.2/plugins/com.st.stm32cube.ide.mcu.externaltools.gnu-tools-for-stm32.10.3-2021.10.linux64_1.0.100.202210260954/tools/arm-none-eabi/include/string.h:48:16: note: expected 'const char *' but argument is of type 'uint8_t *' {aka 'unsigned char *'}
   48 | char  *strstr (const char *, const char *);
      |                ^~~~~~~~~~~~
../Core/Src/w25qxx.c:1029:9: warning: pointer targets in assignment from 'char *' to 'uint8_t *' {aka 'unsigned char *'} differ in signedness [-Wpointer-sign]
 1029 |     ret = strstr(buffer,"\r\n");
      |         ^
arm-none-eabi-gcc -o "stm32f105SpiFlash.elf" @"objects.list"   -mcpu=cortex-m3 -T"/home/yakup/ProjectWorkspace/th-x-spiFlash/stm32f105SpiFlash/STM32F105VCTX_FLASH.ld" --specs=nosys.specs -Wl,-Map="stm32f105SpiFlash.map" -Wl,--gc-sections -static --specs=nano.specs -mfloat-abi=soft -mthumb -Wl,--start-group -lc -lm -Wl,--end-group
Finished building target: stm32f105SpiFlash.elf
 
arm-none-eabi-size   stm32f105SpiFlash.elf 
arm-none-eabi-objdump -h -S  stm32f105SpiFlash.elf  > "stm32f105SpiFlash.list"
   text	   data	    bss	    dec	    hex	filename
  14904	    120	  27448	  42472	   a5e8	stm32f105SpiFlash.elf
Finished building: default.size.stdout
 
Finished building: stm32f105SpiFlash.list
 
